Archive member included to satisfy reference by file (symbol)

D:/Program Files/STMicroelectronics/STM32CubeIDE/STM32CubeIDE_1.15.1/STM32CubeIDE/plugins/com.st.stm32cube.ide.mcu.externaltools.gnu-tools-for-stm32.12.3.rel1.win32_1.0.100.202403111256/tools/bin/../lib/gcc/arm-none-eabi/12.3.1/../../../../arm-none-eabi/lib/thumb/v6-m/nofp\libc_nano.a(libc_a-exit.o)
                              D:/Program Files/STMicroelectronics/STM32CubeIDE/STM32CubeIDE_1.15.1/STM32CubeIDE/plugins/com.st.stm32cube.ide.mcu.externaltools.gnu-tools-for-stm32.12.3.rel1.win32_1.0.100.202403111256/tools/bin/../lib/gcc/arm-none-eabi/12.3.1/../../../../arm-none-eabi/lib/thumb/v6-m/nofp/crt0.o (exit)
D:/Program Files/STMicroelectronics/STM32CubeIDE/STM32CubeIDE_1.15.1/STM32CubeIDE/plugins/com.st.stm32cube.ide.mcu.externaltools.gnu-tools-for-stm32.12.3.rel1.win32_1.0.100.202403111256/tools/bin/../lib/gcc/arm-none-eabi/12.3.1/../../../../arm-none-eabi/lib/thumb/v6-m/nofp\libc_nano.a(libc_a-findfp.o)
                              D:/Program Files/STMicroelectronics/STM32CubeIDE/STM32CubeIDE_1.15.1/STM32CubeIDE/plugins/com.st.stm32cube.ide.mcu.externaltools.gnu-tools-for-stm32.12.3.rel1.win32_1.0.100.202403111256/tools/bin/../lib/gcc/arm-none-eabi/12.3.1/../../../../arm-none-eabi/lib/thumb/v6-m/nofp\libc_nano.a(libc_a-exit.o) (__stdio_exit_handler)
D:/Program Files/STMicroelectronics/STM32CubeIDE/STM32CubeIDE_1.15.1/STM32CubeIDE/plugins/com.st.stm32cube.ide.mcu.externaltools.gnu-tools-for-stm32.12.3.rel1.win32_1.0.100.202403111256/tools/bin/../lib/gcc/arm-none-eabi/12.3.1/../../../../arm-none-eabi/lib/thumb/v6-m/nofp\libc_nano.a(libc_a-fwalk.o)
                              D:/Program Files/STMicroelectronics/STM32CubeIDE/STM32CubeIDE_1.15.1/STM32CubeIDE/plugins/com.st.stm32cube.ide.mcu.externaltools.gnu-tools-for-stm32.12.3.rel1.win32_1.0.100.202403111256/tools/bin/../lib/gcc/arm-none-eabi/12.3.1/../../../../arm-none-eabi/lib/thumb/v6-m/nofp\libc_nano.a(libc_a-findfp.o) (_fwalk_sglue)
D:/Program Files/STMicroelectronics/STM32CubeIDE/STM32CubeIDE_1.15.1/STM32CubeIDE/plugins/com.st.stm32cube.ide.mcu.externaltools.gnu-tools-for-stm32.12.3.rel1.win32_1.0.100.202403111256/tools/bin/../lib/gcc/arm-none-eabi/12.3.1/../../../../arm-none-eabi/lib/thumb/v6-m/nofp\libc_nano.a(libc_a-printf.o)
                              ./Core/Src/main.o (printf)
D:/Program Files/STMicroelectronics/STM32CubeIDE/STM32CubeIDE_1.15.1/STM32CubeIDE/plugins/com.st.stm32cube.ide.mcu.externaltools.gnu-tools-for-stm32.12.3.rel1.win32_1.0.100.202403111256/tools/bin/../lib/gcc/arm-none-eabi/12.3.1/../../../../arm-none-eabi/lib/thumb/v6-m/nofp\libc_nano.a(libc_a-puts.o)
                              ./Core/Src/main.o (puts)
D:/Program Files/STMicroelectronics/STM32CubeIDE/STM32CubeIDE_1.15.1/STM32CubeIDE/plugins/com.st.stm32cube.ide.mcu.externaltools.gnu-tools-for-stm32.12.3.rel1.win32_1.0.100.202403111256/tools/bin/../lib/gcc/arm-none-eabi/12.3.1/../../../../arm-none-eabi/lib/thumb/v6-m/nofp\libc_nano.a(libc_a-stdio.o)
                              D:/Program Files/STMicroelectronics/STM32CubeIDE/STM32CubeIDE_1.15.1/STM32CubeIDE/plugins/com.st.stm32cube.ide.mcu.externaltools.gnu-tools-for-stm32.12.3.rel1.win32_1.0.100.202403111256/tools/bin/../lib/gcc/arm-none-eabi/12.3.1/../../../../arm-none-eabi/lib/thumb/v6-m/nofp\libc_nano.a(libc_a-findfp.o) (__sread)
D:/Program Files/STMicroelectronics/STM32CubeIDE/STM32CubeIDE_1.15.1/STM32CubeIDE/plugins/com.st.stm32cube.ide.mcu.externaltools.gnu-tools-for-stm32.12.3.rel1.win32_1.0.100.202403111256/tools/bin/../lib/gcc/arm-none-eabi/12.3.1/../../../../arm-none-eabi/lib/thumb/v6-m/nofp\libc_nano.a(libc_a-wbuf.o)
                              D:/Program Files/STMicroelectronics/STM32CubeIDE/STM32CubeIDE_1.15.1/STM32CubeIDE/plugins/com.st.stm32cube.ide.mcu.externaltools.gnu-tools-for-stm32.12.3.rel1.win32_1.0.100.202403111256/tools/bin/../lib/gcc/arm-none-eabi/12.3.1/../../../../arm-none-eabi/lib/thumb/v6-m/nofp\libc_nano.a(libc_a-puts.o) (__swbuf_r)
D:/Program Files/STMicroelectronics/STM32CubeIDE/STM32CubeIDE_1.15.1/STM32CubeIDE/plugins/com.st.stm32cube.ide.mcu.externaltools.gnu-tools-for-stm32.12.3.rel1.win32_1.0.100.202403111256/tools/bin/../lib/gcc/arm-none-eabi/12.3.1/../../../../arm-none-eabi/lib/thumb/v6-m/nofp\libc_nano.a(libc_a-wsetup.o)
                              D:/Program Files/STMicroelectronics/STM32CubeIDE/STM32CubeIDE_1.15.1/STM32CubeIDE/plugins/com.st.stm32cube.ide.mcu.externaltools.gnu-tools-for-stm32.12.3.rel1.win32_1.0.100.202403111256/tools/bin/../lib/gcc/arm-none-eabi/12.3.1/../../../../arm-none-eabi/lib/thumb/v6-m/nofp\libc_nano.a(libc_a-puts.o) (__swsetup_r)
D:/Program Files/STMicroelectronics/STM32CubeIDE/STM32CubeIDE_1.15.1/STM32CubeIDE/plugins/com.st.stm32cube.ide.mcu.externaltools.gnu-tools-for-stm32.12.3.rel1.win32_1.0.100.202403111256/tools/bin/../lib/gcc/arm-none-eabi/12.3.1/../../../../arm-none-eabi/lib/thumb/v6-m/nofp\libc_nano.a(libc_a-memset.o)
[...]
Memory Configuration

Name             Origin             Length             Attributes
RAM              0x20000000         0x00001800         xrw
FLASH            0x08000000         0x00008000         xr
*default*        0x00000000         0xffffffff

Linker script and memory map

LOAD D:/Program Files/STMicroelectronics/STM32CubeIDE/STM32CubeIDE_1.15.1/STM32CubeIDE/plugins/com.st.stm32cube.ide.mcu.externaltools.gnu-tools-for-stm32.12.3.rel1.win32_1.0.100.202403111256/tools/bin/../lib/gcc/arm-none-eabi/12.3.1/thumb/v6-m/nofp/crti.o
LOAD D:/Program Files/STMicroelectronics/STM32CubeIDE/STM32CubeIDE_1.15.1/STM32CubeIDE/plugins/com.st.stm32cube.ide.mcu.externaltools.gnu-tools-for-stm32.12.3.rel1.win32_1.0.100.202403111256/tools/bin/../lib/gcc/arm-none-eabi/12.3.1/thumb/v6-m/nofp/crtbegin.o
LOAD D:/Program Files/STMicroelectronics/STM32CubeIDE/STM32CubeIDE_1.15.1/STM32CubeIDE/plugins/com.st.stm32cube.ide.mcu.externaltools.gnu-tools-for-stm32.12.3.rel1.win32_1.0.100.202403111256/tools/bin/../lib/gcc/arm-none-eabi/12.3.1/../../../../arm-none-eabi/lib/thumb/v6-m/nofp/crt0.o
LOAD ./Core/Src/dma.o
LOAD ./Core/Src/gpio.o
LOAD ./Core/Src/i2c.o
LOAD ./Core/Src/main.o
LOAD ./Core/Src/stm32f0xx_hal_msp.o
LOAD ./Core/Src/stm32f0xx_hal_timebase_tim.o
LOAD ./Core/Src/stm32f0xx_it.o
LOAD ./Core/Src/syscalls.o
LOAD ./Core/Src/sysmem.o
LOAD ./Core/Src/system_stm32f0xx.o
LOAD ./Core/Src/usart.o
LOAD ./Core/Startup/startup_stm32f042k6tx.o
LOAD ./Drivers/BSP/SrC/24cxx.o
LOAD ./Drivers/STM32F0xx_HAL_Driver/Src/stm32f0xx_hal.o
LOAD ./Drivers/STM32F0xx_HAL_Driver/Src/stm32f0xx_hal_cortex.o
LOAD ./Drivers/STM32F0xx_HAL_Driver/Src/stm32f0xx_hal_dma.o
LOAD ./Drivers/STM32F0xx_HAL_Driver/Src/stm32f0xx_hal_exti.o
LOAD ./Drivers/STM32F0xx_HAL_Driver/Src/stm32f0xx_hal_flash.o
LOAD ./Drivers/STM32F0xx_HAL_Driver/Src/stm32f0xx_hal_flash_ex.o
LOAD ./Drivers/STM32F0xx_HAL_Driver/Src/stm32f0xx_hal_gpio.o
LOAD ./Drivers/STM32F0xx_HAL_Driver/Src/stm32f0xx_hal_i2c.o
LOAD ./Drivers/STM32F0xx_HAL_Driver/Src/stm32f0xx_hal_i2c_ex.o
LOAD ./Drivers/STM32F0xx_HAL_Driver/Src/stm32f0xx_hal_pwr.o
LOAD ./Drivers/STM32F0xx_HAL_Driver/Src/stm32f0xx_hal_pwr_ex.o
LOAD ./Drivers/STM32F0xx_HAL_Driver/Src/stm32f0xx_hal_rcc.o
LOAD ./Drivers/STM32F0xx_HAL_Driver/Src/stm32f0xx_hal_rcc_ex.o
LOAD ./Drivers/STM32F0xx_HAL_Driver/Src/stm32f0xx_hal_tim.o
LOAD ./Drivers/STM32F0xx_HAL_Driver/Src/stm32f0xx_hal_tim_ex.o
LOAD ./Drivers/STM32F0xx_HAL_Driver/Src/stm32f0xx_hal_uart.o
LOAD ./Drivers/STM32F0xx_HAL_Driver/Src/stm32f0xx_hal_uart_ex.o
START GROUP
LOAD D:/Program Files/STMicroelectronics/STM32CubeIDE/STM32CubeIDE_1.15.1/STM32CubeIDE/plugins/com.st.stm32cube.ide.mcu.externaltools.gnu-tools-for-stm32.12.3.rel1.win32_1.0.100.202403111256/tools/bin/../lib/gcc/arm-none-eabi/12.3.1/../../../../arm-none-eabi/lib/thumb/v6-m/nofp\libc_nano.a
LOAD D:/Program Files/STMicroelectronics/STM32CubeIDE/STM32CubeIDE_1.15.1/STM32CubeIDE/plugins/com.st.stm32cube.ide.mcu.externaltools.gnu-tools-for-stm32.12.3.rel1.win32_1.0.100.202403111256/tools/bin/../lib/gcc/arm-none-eabi/12.3.1/../../../../arm-none-eabi/lib/thumb/v6-m/nofp\libm.a
END GROUP
START GROUP
LOAD D:/Program Files/STMicroelectronics/STM32CubeIDE/STM32CubeIDE_1.15.1/STM32CubeIDE/plugins/com.st.stm32cube.ide.mcu.externaltools.gnu-tools-for-stm32.12.3.rel1.win32_1.0.100.202403111256/tools/bin/../lib/gcc/arm-none-eabi/12.3.1/thumb/v6-m/nofp\libgcc.a
LOAD D:/Program Files/STMicroelectronics/STM32CubeIDE/STM32CubeIDE_1.15.1/STM32CubeIDE/plugins/com.st.stm32cube.ide.mcu.externaltools.gnu-tools-for-stm32.12.3.rel1.win32_1.0.100.202403111256/tools/bin/../lib/gcc/arm-none-eabi/12.3.1/../../../../arm-none-eabi/lib/thumb/v6-m/nofp\libc_nano.a
END GROUP
START GROUP
LOAD D:/Program Files/STMicroelectronics/STM32CubeIDE/STM32CubeIDE_1.15.1/STM32CubeIDE/plugins/com.st.stm32cube.ide.mcu.externaltools.gnu-tools-for-stm32.12.3.rel1.win32_1.0.100.202403111256/tools/bin/../lib/gcc/arm-none-eabi/12.3.1/thumb/v6-m/nofp\libgcc.a
LOAD D:/Program Files/STMicroelectronics/STM32CubeIDE/STM32CubeIDE_1.15.1/STM32CubeIDE/plugins/com.st.stm32cube.ide.mcu.externaltools.gnu-tools-for-stm32.12.3.rel1.win32_1.0.100.202403111256/tools/bin/../lib/gcc/arm-none-eabi/12.3.1/../../../../arm-none-eabi/lib/thumb/v6-m/nofp\libc_nano.a
LOAD D:/Program Files/STMicroelectronics/STM32CubeIDE/STM32CubeIDE_1.15.1/STM32CubeIDE/plugins/com.st.stm32cube.ide.mcu.externaltools.gnu-tools-for-stm32.12.3.rel1.win32_1.0.100.202403111256/tools/bin/../lib/gcc/arm-none-eabi/12.3.1/../../../../arm-none-eabi/lib/thumb/v6-m/nofp\libnosys.a
END GROUP
START GROUP
LOAD D:/Program Files/STMicroelectronics/STM32CubeIDE/STM32CubeIDE_1.15.1/STM32CubeIDE/plugins/com.st.stm32cube.ide.mcu.externaltools.gnu-tools-for-stm32.12.3.rel1.win32_1.0.100.202403111256/tools/bin/../lib/gcc/arm-none-eabi/12.3.1/thumb/v6-m/nofp\libgcc.a
LOAD D:/Program Files/STMicroelectronics/STM32CubeIDE/STM32CubeIDE_1.15.1/STM32CubeIDE/plugins/com.st.stm32cube.ide.mcu.externaltools.gnu-tools-for-stm32.12.3.rel1.win32_1.0.100.202403111256/tools/bin/../lib/gcc/arm-none-eabi/12.3.1/../../../../arm-none-eabi/lib/thumb/v6-m/nofp\libc_nano.a
LOAD D:/Program Files/STMicroelectronics/STM32CubeIDE/STM32CubeIDE_1.15.1/STM32CubeIDE/plugins/com.st.stm32cube.ide.mcu.externaltools.gnu-tools-for-stm32.12.3.rel1.win32_1.0.100.202403111256/tools/bin/../lib/gcc/arm-none-eabi/12.3.1/../../../../arm-none-eabi/lib/thumb/v6-m/nofp\libnosys.a
END GROUP
LOAD D:/Program Files/STMicroelectronics/STM32CubeIDE/STM32CubeIDE_1.15.1/STM32CubeIDE/plugins/com.st.stm32cube.ide.mcu.externaltools.gnu-tools-for-stm32.12.3.rel1.win32_1.0.100.202403111256/tools/bin/../lib/gcc/arm-none-eabi/12.3.1/thumb/v6-m/nofp/crtend.o
LOAD D:/Program Files/STMicroelectronics/STM32CubeIDE/STM32CubeIDE_1.15.1/STM32CubeIDE/plugins/com.st.stm32cube.ide.mcu.externaltools.gnu-tools-for-stm32.12.3.rel1.win32_1.0.100.202403111256/tools/bin/../lib/gcc/arm-none-eabi/12.3.1/thumb/v6-m/nofp/crtn.o
                0x20001800                        _estack = (ORIGIN (RAM) + LENGTH (RAM))
                0x00000200                        _Min_Heap_Size = 0x200
                0x00000400                        _Min_Stack_Size = 0x400

.isr_vector     0x08000000       0xc0
                0x08000000                        . = ALIGN (0x4)
 *(.isr_vector)
 .isr_vector    0x08000000       0xc0 ./Core/Startup/startup_stm32f042k6tx.o
                0x08000000                g_pfnVectors
                0x080000c0                        . = ALIGN (0x4)

.text           0x080000c0     0x6970
                0x080000c0                        . = ALIGN (0x4)
 *(.text)
 .text          0x080000c0       0x48 D:/Program Files/STMicroelectronics/STM32CubeIDE/STM32CubeIDE_1.15.1/STM32CubeIDE/plugins/com.st.stm32cube.ide.mcu.externaltools.gnu-tools-for-stm32.12.3.rel1.win32_1.0.100.202403111256/tools/bin/../lib/gcc/arm-none-eabi/12.3.1/thumb/v6-m/nofp/crtbegin.o
 .text          0x08000108       0x14 D:/Program Files/STMicroelectronics/STM32CubeIDE/STM32CubeIDE_1.15.1/STM32CubeIDE/plugins/com.st.stm32cube.ide.mcu.externaltools.gnu-tools-for-stm32.12.3.rel1.win32_1.0.100.202403111256/tools/bin/../lib/gcc/arm-none-eabi/12.3.1/thumb/v6-m/nofp\libgcc.a(_thumb1_case_shi.o)
                0x08000108                __gnu_thumb1_case_shi
 .text          0x0800011c      0x114 D:/Program Files/STMicroelectronics/STM32CubeIDE/STM32CubeIDE_1.15.1/STM32CubeIDE/plugins/com.st.stm32cube.ide.mcu.externaltools.gnu-tools-for-stm32.12.3.rel1.win32_1.0.100.202403111256/tools/bin/../lib/gcc/arm-none-eabi/12.3.1/thumb/v6-m/nofp\libgcc.a(_udivsi3.o)
                0x0800011c                __aeabi_uidiv
                0x0800011c                __udivsi3
                0x08000228                __aeabi_uidivmod
 .text          0x08000230        0x4 D:/Program Files/STMicroelectronics/STM32CubeIDE/STM32CubeIDE_1.15.1/STM32CubeIDE/plugins/com.st.stm32cube.ide.mcu.externaltools.gnu-tools-for-stm32.12.3.rel1.win32_1.0.100.202403111256/tools/bin/../lib/gcc/arm-none-eabi/12.3.1/thumb/v6-m/nofp\libgcc.a(_dvmd_tls.o)
                0x08000230                __aeabi_idiv0
                0x08000230                __aeabi_ldiv0
 *(.text*)
 .text.MX_DMA_Init
                0x08000234       0x3c ./Core/Src/dma.o
                0x08000234                MX_DMA_Init
 .text.MX_GPIO_Init
                0x08000270       0x68 ./Core/Src/gpio.o
                0x08000270                MX_GPIO_Init
 .text.MX_I2C1_Init
                0x080002d8       0x80 ./Core/Src/i2c.o
                0x080002d8                MX_I2C1_Init
 .text.HAL_I2C_MspInit
                0x08000358       0xac ./Core/Src/i2c.o
                0x08000358                HAL_I2C_MspInit
 .text.__io_putchar
                0x08000404       0x28 ./Core/Src/main.o
                0x08000404                __io_putchar
 .text.HAL_UART_RxCpltCallback
                0x0800042c      0x128 ./Core/Src/main.o
                0x0800042c                HAL_UART_RxCpltCallback
 .text.HAL_UARTEx_RxEventCallback
                0x08000554       0x40 ./Core/Src/main.o
                0x08000554                HAL_UARTEx_RxEventCallback
 .text.Write_EEPROM
                0x08000594       0xfc ./Core/Src/main.o
                0x08000594                Write_EEPROM
 .text.main     0x08000690       0xa0 ./Core/Src/main.o
                0x08000690                main
 .text.SystemClock_Config
                0x08000730       0xb4 ./Core/Src/main.o
                0x08000730                SystemClock_Config
 .text.HAL_TIM_PeriodElapsedCallback
                0x080007e4       0x24 ./Core/Src/main.o
                0x080007e4                HAL_TIM_PeriodElapsedCallback
 .text.Error_Handler
                0x08000808        0xc ./Core/Src/main.o
                0x08000808                Error_Handler
 .text.HAL_MspInit
                0x08000814       0x48 ./Core/Src/stm32f0xx_hal_msp.o
                0x08000814                HAL_MspInit
 .text.HAL_InitTick
                0x0800085c      0x10c ./Core/Src/stm32f0xx_hal_timebase_tim.o
                0x0800085c                HAL_InitTick
 .text.NMI_Handler
                0x08000968        0x8 ./Core/Src/stm32f0xx_it.o
                0x08000968                NMI_Handler
 .text.HardFault_Handler
                0x08000970        0x8 ./Core/Src/stm32f0xx_it.o
                0x08000970                HardFault_Handler
 .text.SVC_Handler
                0x08000978        0xa ./Core/Src/stm32f0xx_it.o
                0x08000978                SVC_Handler
 .text.PendSV_Handler
                0x08000982        0xa ./Core/Src/stm32f0xx_it.o
                0x08000982                PendSV_Handler
 .text.SysTick_Handler
                0x0800098c        0xa ./Core/Src/stm32f0xx_it.o
                0x0800098c                SysTick_Handler
 *fill*         0x08000996        0x2 
 .text.DMA1_Channel2_3_IRQHandler
                0x08000998       0x24 ./Core/Src/stm32f0xx_it.o
                0x08000998                DMA1_Channel2_3_IRQHandler
 .text.TIM1_BRK_UP_TRG_COM_IRQHandler
                0x080009bc       0x18 ./Core/Src/stm32f0xx_it.o
                0x080009bc                TIM1_BRK_UP_TRG_COM_IRQHandler
 .text.I2C1_IRQHandler
                0x080009d4       0x30 ./Core/Src/stm32f0xx_it.o
                0x080009d4                I2C1_IRQHandler
 .text.USART1_IRQHandler
                0x08000a04       0x98 ./Core/Src/stm32f0xx_it.o
                0x08000a04                USART1_IRQHandler
 .text._read    0x08000a9c       0x3a ./Core/Src/syscalls.o
                0x08000a9c                _read
 .text._write   0x08000ad6       0x38 ./Core/Src/syscalls.o
                0x08000ad6                _write
 .text._close   0x08000b0e       0x14 ./Core/Src/syscalls.o
                0x08000b0e                _close
 .text._fstat   0x08000b22       0x1c ./Core/Src/syscalls.o
                0x08000b22                _fstat
 .text._isatty  0x08000b3e       0x12 ./Core/Src/syscalls.o
                0x08000b3e                _isatty
 .text._lseek   0x08000b50       0x16 ./Core/Src/syscalls.o
                0x08000b50                _lseek
 *fill*         0x08000b66        0x2 
 .text._sbrk    0x08000b68       0x6c ./Core/Src/sysmem.o
                0x08000b68                _sbrk
 .text.SystemInit
                0x08000bd4        0xa ./Core/Src/system_stm32f0xx.o
                0x08000bd4                SystemInit
 *fill*         0x08000bde        0x2 
 .text.MX_USART1_UART_Init
                0x08000be0       0x60 ./Core/Src/usart.o
                0x08000be0                MX_USART1_UART_Init
 .text.HAL_UART_MspInit
                0x08000c40      0x154 ./Core/Src/usart.o
                0x08000c40                HAL_UART_MspInit
 .text.Reset_Handler
                0x08000d94       0x80 ./Core/Startup/startup_stm32f042k6tx.o
                0x08000d94                Reset_Handler
 .text.Default_Handler
                0x08000e14        0x2 ./Core/Startup/startup_stm32f042k6tx.o
                0x08000e14                TIM1_CC_IRQHandler
                0x08000e14                TSC_IRQHandler
                0x08000e14                RCC_CRS_IRQHandler
                0x08000e14                SPI1_IRQHandler
                0x08000e14                EXTI2_3_IRQHandler
                0x08000e14                ADC1_IRQHandler
                0x08000e14                TIM17_IRQHandler
                0x08000e14                CEC_CAN_IRQHandler
                0x08000e14                RTC_IRQHandler
                0x08000e14                PVD_VDDIO2_IRQHandler
                0x08000e14                TIM16_IRQHandler
                0x08000e14                TIM3_IRQHandler
                0x08000e14                EXTI4_15_IRQHandler
                0x08000e14                DMA1_Channel1_IRQHandler
                0x08000e14                Default_Handler
                0x08000e14                TIM14_IRQHandler
                0x08000e14                DMA1_Channel4_5_IRQHandler
                0x08000e14                EXTI0_1_IRQHandler
                0x08000e14                USB_IRQHandler
                0x08000e14                SPI2_IRQHandler
                0x08000e14                WWDG_IRQHandler
                0x08000e14                TIM2_IRQHandler
                0x08000e14                USART2_IRQHandler
                0x08000e14                FLASH_IRQHandler
 *fill*         0x08000e16        0x2 
 .text.EP24C_IsDeviceReady
                0x08000e18       0x24 ./Drivers/BSP/SrC/24cxx.o
                0x08000e18                EP24C_IsDeviceReady
 .text.EP24C_ReadBytes
                0x08000e3c       0x50 ./Drivers/BSP/SrC/24cxx.o
                0x08000e3c                EP24C_ReadBytes
 .text.EP24C_WriteLongData
                0x08000e8c      0x124 ./Drivers/BSP/SrC/24cxx.o
                0x08000e8c                EP24C_WriteLongData
 .text.HAL_Init
                0x08000fb0       0x28 ./Drivers/STM32F0xx_HAL_Driver/Src/stm32f0xx_hal.o
                0x08000fb0                HAL_Init
 .text.HAL_IncTick
                0x08000fd8       0x24 ./Drivers/STM32F0xx_HAL_Driver/Src/stm32f0xx_hal.o
                0x08000fd8                HAL_IncTick
 .text.HAL_GetTick
                0x08000ffc       0x14 ./Drivers/STM32F0xx_HAL_Driver/Src/stm32f0xx_hal.o
                0x08000ffc                HAL_GetTick
 .text.HAL_Delay
                0x08001010       0x48 ./Drivers/STM32F0xx_HAL_Driver/Src/stm32f0xx_hal.o
                0x08001010                HAL_Delay
 .text.__NVIC_EnableIRQ
                0x08001058       0x34 ./Drivers/STM32F0xx_HAL_Driver/Src/stm32f0xx_hal_cortex.o
 .text.__NVIC_SetPriority
                0x0800108c       0xdc ./Drivers/STM32F0xx_HAL_Driver/Src/stm32f0xx_hal_cortex.o
 .text.HAL_NVIC_SetPriority
                0x08001168       0x2a ./Drivers/STM32F0xx_HAL_Driver/Src/stm32f0xx_hal_cortex.o
                0x08001168                HAL_NVIC_SetPriority
 .text.HAL_NVIC_EnableIRQ
                0x08001192       0x20 ./Drivers/STM32F0xx_HAL_Driver/Src/stm32f0xx_hal_cortex.o
                0x08001192                HAL_NVIC_EnableIRQ
 *fill*         0x080011b2        0x2 
 .text.HAL_DMA_Init
                0x080011b4       0x90 ./Drivers/STM32F0xx_HAL_Driver/Src/stm32f0xx_hal_dma.o
                0x080011b4                HAL_DMA_Init
 .text.HAL_DMA_Start_IT
                0x08001244       0xcc ./Drivers/STM32F0xx_HAL_Driver/Src/stm32f0xx_hal_dma.o
                0x08001244                HAL_DMA_Start_IT
 .text.HAL_DMA_Abort
                0x08001310       0x70 ./Drivers/STM32F0xx_HAL_Driver/Src/stm32f0xx_hal_dma.o
                0x08001310                HAL_DMA_Abort
 .text.HAL_DMA_Abort_IT
                0x08001380       0x8a ./Drivers/STM32F0xx_HAL_Driver/Src/stm32f0xx_hal_dma.o
                0x08001380                HAL_DMA_Abort_IT
 .text.HAL_DMA_IRQHandler
                0x0800140a      0x144 ./Drivers/STM32F0xx_HAL_Driver/Src/stm32f0xx_hal_dma.o
                0x0800140a                HAL_DMA_IRQHandler
 .text.HAL_DMA_GetState
                0x0800154e       0x18 ./Drivers/STM32F0xx_HAL_Driver/Src/stm32f0xx_hal_dma.o
                0x0800154e                HAL_DMA_GetState
 .text.HAL_DMA_GetError
                0x08001566       0x14 ./Drivers/STM32F0xx_HAL_Driver/Src/stm32f0xx_hal_dma.o
                0x08001566                HAL_DMA_GetError
 .text.DMA_SetConfig
                0x0800157a       0x58 ./Drivers/STM32F0xx_HAL_Driver/Src/stm32f0xx_hal_dma.o
 *fill*         0x080015d2        0x2 
 .text.DMA_CalcBaseAndBitshift
                0x080015d4       0x38 ./Drivers/STM32F0xx_HAL_Driver/Src/stm32f0xx_hal_dma.o
 .text.HAL_GPIO_Init
                0x0800160c      0x2d0 ./Drivers/STM32F0xx_HAL_Driver/Src/stm32f0xx_hal_gpio.o
                0x0800160c                HAL_GPIO_Init
 .text.HAL_I2C_Init
                0x080018dc      0x14c ./Drivers/STM32F0xx_HAL_Driver/Src/stm32f0xx_hal_i2c.o
                0x080018dc                HAL_I2C_Init
 .text.HAL_I2C_Mem_Write
                0x08001a28      0x25c ./Drivers/STM32F0xx_HAL_Driver/Src/stm32f0xx_hal_i2c.o
                0x08001a28                HAL_I2C_Mem_Write
 .text.HAL_I2C_Mem_Read
                0x08001c84      0x268 ./Drivers/STM32F0xx_HAL_Driver/Src/stm32f0xx_hal_i2c.o
                0x08001c84                HAL_I2C_Mem_Read
 .text.HAL_I2C_IsDeviceReady
                0x08001eec      0x1f8 ./Drivers/STM32F0xx_HAL_Driver/Src/stm32f0xx_hal_i2c.o
                0x08001eec                HAL_I2C_IsDeviceReady
 .text.HAL_I2C_EV_IRQHandler
                0x080020e4       0x34 ./Drivers/STM32F0xx_HAL_Driver/Src/stm32f0xx_hal_i2c.o
                0x080020e4                HAL_I2C_EV_IRQHandler
 .text.HAL_I2C_ER_IRQHandler
                0x08002118       0xb2 ./Drivers/STM32F0xx_HAL_Driver/Src/stm32f0xx_hal_i2c.o
                0x08002118                HAL_I2C_ER_IRQHandler
 .text.HAL_I2C_SlaveTxCpltCallback
                0x080021ca       0x10 ./Drivers/STM32F0xx_HAL_Driver/Src/stm32f0xx_hal_i2c.o
                0x080021ca                HAL_I2C_SlaveTxCpltCallback
 .text.HAL_I2C_SlaveRxCpltCallback
                0x080021da       0x10 ./Drivers/STM32F0xx_HAL_Driver/Src/stm32f0xx_hal_i2c.o
                0x080021da                HAL_I2C_SlaveRxCpltCallback
 .text.HAL_I2C_AddrCallback
                0x080021ea       0x20 ./Drivers/STM32F0xx_HAL_Driver/Src/stm32f0xx_hal_i2c.o
                0x080021ea                HAL_I2C_AddrCallback
 .text.HAL_I2C_ListenCpltCallback
                0x0800220a       0x10 ./Drivers/STM32F0xx_HAL_Driver/Src/stm32f0xx_hal_i2c.o
                0x0800220a                HAL_I2C_ListenCpltCallback
 .text.HAL_I2C_ErrorCallback
                0x0800221a       0x10 ./Drivers/STM32F0xx_HAL_Driver/Src/stm32f0xx_hal_i2c.o
                0x0800221a                HAL_I2C_ErrorCallback
 .text.HAL_I2C_AbortCpltCallback
                0x0800222a       0x10 ./Drivers/STM32F0xx_HAL_Driver/Src/stm32f0xx_hal_i2c.o
                0x0800222a                HAL_I2C_AbortCpltCallback
 *fill*         0x0800223a        0x2 
 .text.I2C_Slave_ISR_IT
                0x0800223c      0x200 ./Drivers/STM32F0xx_HAL_Driver/Src/stm32f0xx_hal_i2c.o
 .text.I2C_RequestMemoryWrite
                0x0800243c       0xc8 ./Drivers/STM32F0xx_HAL_Driver/Src/stm32f0xx_hal_i2c.o
 .text.I2C_RequestMemoryRead
                0x08002504       0xc4 ./Drivers/STM32F0xx_HAL_Driver/Src/stm32f0xx_hal_i2c.o
 .text.I2C_ITAddrCplt
                0x080025c8      0x148 ./Drivers/STM32F0xx_HAL_Driver/Src/stm32f0xx_hal_i2c.o
 .text.I2C_ITSlaveSeqCplt
                0x08002710       0xc8 ./Drivers/STM32F0xx_HAL_Driver/Src/stm32f0xx_hal_i2c.o
 .text.I2C_ITSlaveCplt
                0x080027d8      0x310 ./Drivers/STM32F0xx_HAL_Driver/Src/stm32f0xx_hal_i2c.o
 .text.I2C_ITListenCplt
                0x08002ae8       0xb0 ./Drivers/STM32F0xx_HAL_Driver/Src/stm32f0xx_hal_i2c.o
 .text.I2C_ITError
                0x08002b98      0x204 ./Drivers/STM32F0xx_HAL_Driver/Src/stm32f0xx_hal_i2c.o
 .text.I2C_TreatErrorCallback
                0x08002d9c       0x52 ./Drivers/STM32F0xx_HAL_Driver/Src/stm32f0xx_hal_i2c.o
 .text.I2C_Flush_TXDR
                0x08002dee       0x44 ./Drivers/STM32F0xx_HAL_Driver/Src/stm32f0xx_hal_i2c.o
 .text.I2C_DMAAbort
                0x08002e32       0x3e ./Drivers/STM32F0xx_HAL_Driver/Src/stm32f0xx_hal_i2c.o
 .text.I2C_WaitOnFlagUntilTimeout
                0x08002e70       0xb0 ./Drivers/STM32F0xx_HAL_Driver/Src/stm32f0xx_hal_i2c.o
 .text.I2C_WaitOnTXISFlagUntilTimeout
                0x08002f20       0x8c ./Drivers/STM32F0xx_HAL_Driver/Src/stm32f0xx_hal_i2c.o
 .text.I2C_WaitOnSTOPFlagUntilTimeout
                0x08002fac       0x86 ./Drivers/STM32F0xx_HAL_Driver/Src/stm32f0xx_hal_i2c.o
 *fill*         0x08003032        0x2 
 .text.I2C_IsErrorOccurred
                0x08003034      0x1f0 ./Drivers/STM32F0xx_HAL_Driver/Src/stm32f0xx_hal_i2c.o
 .text.I2C_TransferConfig
                0x08003224       0x74 ./Drivers/STM32F0xx_HAL_Driver/Src/stm32f0xx_hal_i2c.o
 .text.I2C_Disable_IRQ
                0x08003298       0xc6 ./Drivers/STM32F0xx_HAL_Driver/Src/stm32f0xx_hal_i2c.o
 *fill*         0x0800335e        0x2 
 .text.HAL_I2CEx_ConfigAnalogFilter
                0x08003360       0x98 ./Drivers/STM32F0xx_HAL_Driver/Src/stm32f0xx_hal_i2c_ex.o
                0x08003360                HAL_I2CEx_ConfigAnalogFilter
 .text.HAL_I2CEx_ConfigDigitalFilter
                0x080033f8       0x98 ./Drivers/STM32F0xx_HAL_Driver/Src/stm32f0xx_hal_i2c_ex.o
                0x080033f8                HAL_I2CEx_ConfigDigitalFilter
 .text.HAL_RCC_OscConfig
                0x08003490      0x70c ./Drivers/STM32F0xx_HAL_Driver/Src/stm32f0xx_hal_rcc.o
                0x08003490                HAL_RCC_OscConfig
 .text.HAL_RCC_ClockConfig
                0x08003b9c      0x1b4 ./Drivers/STM32F0xx_HAL_Driver/Src/stm32f0xx_hal_rcc.o
                0x08003b9c                HAL_RCC_ClockConfig
 .text.HAL_RCC_GetSysClockFreq
                0x08003d50       0xe4 ./Drivers/STM32F0xx_HAL_Driver/Src/stm32f0xx_hal_rcc.o
                0x08003d50                HAL_RCC_GetSysClockFreq
 .text.HAL_RCC_GetHCLKFreq
                0x08003e34       0x14 ./Drivers/STM32F0xx_HAL_Driver/Src/stm32f0xx_hal_rcc.o
                0x08003e34                HAL_RCC_GetHCLKFreq
 .text.HAL_RCC_GetPCLK1Freq
                0x08003e48       0x2c ./Drivers/STM32F0xx_HAL_Driver/Src/stm32f0xx_hal_rcc.o
                0x08003e48                HAL_RCC_GetPCLK1Freq
 .text.HAL_RCC_GetClockConfig
                0x08003e74       0x54 ./Drivers/STM32F0xx_HAL_Driver/Src/stm32f0xx_hal_rcc.o
                0x08003e74                HAL_RCC_GetClockConfig
 .text.HAL_RCCEx_PeriphCLKConfig
                0x08003ec8      0x1dc ./Drivers/STM32F0xx_HAL_Driver/Src/stm32f0xx_hal_rcc_ex.o
                0x08003ec8                HAL_RCCEx_PeriphCLKConfig
 .text.HAL_TIM_Base_Init
                0x080040a4       0xa0 ./Drivers/STM32F0xx_HAL_Driver/Src/stm32f0xx_hal_tim.o
                0x080040a4                HAL_TIM_Base_Init
 .text.HAL_TIM_Base_MspInit
                0x08004144       0x10 ./Drivers/STM32F0xx_HAL_Driver/Src/stm32f0xx_hal_tim.o
                0x08004144                HAL_TIM_Base_MspInit
 .text.HAL_TIM_Base_Start_IT
                0x08004154       0x98 ./Drivers/STM32F0xx_HAL_Driver/Src/stm32f0xx_hal_tim.o
                0x08004154                HAL_TIM_Base_Start_IT
 .text.HAL_TIM_IRQHandler
                0x080041ec      0x1dc ./Drivers/STM32F0xx_HAL_Driver/Src/stm32f0xx_hal_tim.o
                0x080041ec                HAL_TIM_IRQHandler
 .text.HAL_TIM_OC_DelayElapsedCallback
                0x080043c8       0x10 ./Drivers/STM32F0xx_HAL_Driver/Src/stm32f0xx_hal_tim.o
                0x080043c8                HAL_TIM_OC_DelayElapsedCallback
 .text.HAL_TIM_IC_CaptureCallback
                0x080043d8       0x10 ./Drivers/STM32F0xx_HAL_Driver/Src/stm32f0xx_hal_tim.o
                0x080043d8                HAL_TIM_IC_CaptureCallback
 .text.HAL_TIM_PWM_PulseFinishedCallback
                0x080043e8       0x10 ./Drivers/STM32F0xx_HAL_Driver/Src/stm32f0xx_hal_tim.o
                0x080043e8                HAL_TIM_PWM_PulseFinishedCallback
 .text.HAL_TIM_TriggerCallback
                0x080043f8       0x10 ./Drivers/STM32F0xx_HAL_Driver/Src/stm32f0xx_hal_tim.o
                0x080043f8                HAL_TIM_TriggerCallback
 .text.TIM_Base_SetConfig
                0x08004408      0x108 ./Drivers/STM32F0xx_HAL_Driver/Src/stm32f0xx_hal_tim.o
                0x08004408                TIM_Base_SetConfig
 .text.HAL_TIMEx_CommutCallback
                0x08004510       0x10 ./Drivers/STM32F0xx_HAL_Driver/Src/stm32f0xx_hal_tim_ex.o
                0x08004510                HAL_TIMEx_CommutCallback
 .text.HAL_TIMEx_BreakCallback
                0x08004520       0x10 ./Drivers/STM32F0xx_HAL_Driver/Src/stm32f0xx_hal_tim_ex.o
                0x08004520                HAL_TIMEx_BreakCallback
 .text.HAL_UART_Init
                0x08004530       0xa8 ./Drivers/STM32F0xx_HAL_Driver/Src/stm32f0xx_hal_uart.o
                0x08004530                HAL_UART_Init
 .text.HAL_UART_Transmit
                0x080045d8      0x13e ./Drivers/STM32F0xx_HAL_Driver/Src/stm32f0xx_hal_uart.o
                0x080045d8                HAL_UART_Transmit
 .text.HAL_UART_Receive_DMA
                0x08004716       0xae ./Drivers/STM32F0xx_HAL_Driver/Src/stm32f0xx_hal_uart.o
                0x08004716                HAL_UART_Receive_DMA
 .text.HAL_UART_DMAStop
                0x080047c4      0x120 ./Drivers/STM32F0xx_HAL_Driver/Src/stm32f0xx_hal_uart.o
                0x080047c4                HAL_UART_DMAStop
 .text.HAL_UART_IRQHandler
                0x080048e4      0x5c0 ./Drivers/STM32F0xx_HAL_Driver/Src/stm32f0xx_hal_uart.o
                0x080048e4                HAL_UART_IRQHandler
 .text.HAL_UART_TxCpltCallback
                0x08004ea4       0x10 ./Drivers/STM32F0xx_HAL_Driver/Src/stm32f0xx_hal_uart.o
                0x08004ea4                HAL_UART_TxCpltCallback
 .text.HAL_UART_RxHalfCpltCallback
                0x08004eb4       0x10 ./Drivers/STM32F0xx_HAL_Driver/Src/stm32f0xx_hal_uart.o
                0x08004eb4                HAL_UART_RxHalfCpltCallback
 .text.HAL_UART_ErrorCallback
                0x08004ec4       0x10 ./Drivers/STM32F0xx_HAL_Driver/Src/stm32f0xx_hal_uart.o
                0x08004ec4                HAL_UART_ErrorCallback
 .text.UART_SetConfig
                0x08004ed4      0x280 ./Drivers/STM32F0xx_HAL_Driver/Src/stm32f0xx_hal_uart.o
                0x08004ed4                UART_SetConfig
 .text.UART_AdvFeatureConfig
                0x08005154      0x168 ./Drivers/STM32F0xx_HAL_Driver/Src/stm32f0xx_hal_uart.o
                0x08005154                UART_AdvFeatureConfig
 .text.UART_CheckIdleState
                0x080052bc      0x150 ./Drivers/STM32F0xx_HAL_Driver/Src/stm32f0xx_hal_uart.o
                0x080052bc                UART_CheckIdleState
 .text.UART_WaitOnFlagUntilTimeout
                0x0800540c       0xde ./Drivers/STM32F0xx_HAL_Driver/Src/stm32f0xx_hal_uart.o
                0x0800540c                UART_WaitOnFlagUntilTimeout
 *fill*         0x080054ea        0x2 
 .text.UART_Start_Receive_DMA
                0x080054ec      0x140 ./Drivers/STM32F0xx_HAL_Driver/Src/stm32f0xx_hal_uart.o
                0x080054ec                UART_Start_Receive_DMA
 .text.UART_EndTxTransfer
                0x0800562c       0x48 ./Drivers/STM32F0xx_HAL_Driver/Src/stm32f0xx_hal_uart.o
 .text.UART_EndRxTransfer
                0x08005674       0xc8 ./Drivers/STM32F0xx_HAL_Driver/Src/stm32f0xx_hal_uart.o
 .text.UART_DMAReceiveCplt
                0x0800573c      0x12c ./Drivers/STM32F0xx_HAL_Driver/Src/stm32f0xx_hal_uart.o
 .text.UART_DMARxHalfCplt
                0x08005868       0x42 ./Drivers/STM32F0xx_HAL_Driver/Src/stm32f0xx_hal_uart.o
 .text.UART_DMAError
                0x080058aa       0x84 ./Drivers/STM32F0xx_HAL_Driver/Src/stm32f0xx_hal_uart.o
 .text.UART_DMAAbortOnError
                0x0800592e       0x2e ./Drivers/STM32F0xx_HAL_Driver/Src/stm32f0xx_hal_uart.o
 .text.UART_EndTransmit_IT
                0x0800595c       0x56 ./Drivers/STM32F0xx_HAL_Driver/Src/stm32f0xx_hal_uart.o
 .text.HAL_UARTEx_WakeupCallback
                0x080059b2       0x10 ./Drivers/STM32F0xx_HAL_Driver/Src/stm32f0xx_hal_uart_ex.o
                0x080059b2                HAL_UARTEx_WakeupCallback
 .text.HAL_UARTEx_ReceiveToIdle_DMA
                0x080059c2       0xd0 ./Drivers/STM32F0xx_HAL_Driver/Src/stm32f0xx_hal_uart_ex.o
                0x080059c2                HAL_UARTEx_ReceiveToIdle_DMA
 *fill*         0x08005a92        0x2 
 .text.std      0x08005a94       0x6c D:/Program Files/STMicroelectronics/STM32CubeIDE/STM32CubeIDE_1.15.1/STM32CubeIDE/plugins/com.st.stm32cube.ide.mcu.externaltools.gnu-tools-for-stm32.12.3.rel1.win32_1.0.100.202403111256/tools/bin/../lib/gcc/arm-none-eabi/12.3.1/../../../../arm-none-eabi/lib/thumb/v6-m/nofp\libc_nano.a(libc_a-findfp.o)
 .text.stdio_exit_handler
                0x08005b00       0x1c D:/Program Files/STMicroelectronics/STM32CubeIDE/STM32CubeIDE_1.15.1/STM32CubeIDE/plugins/com.st.stm32cube.ide.mcu.externaltools.gnu-tools-for-stm32.12.3.rel1.win32_1.0.100.202403111256/tools/bin/../lib/gcc/arm-none-eabi/12.3.1/../../../../arm-none-eabi/lib/thumb/v6-m/nofp\libc_nano.a(libc_a-findfp.o)
 .text.cleanup_stdio
                0x08005b1c       0x3c D:/Program Files/STMicroelectronics/STM32CubeIDE/STM32CubeIDE_1.15.1/STM32CubeIDE/plugins/com.st.stm32cube.ide.mcu.externaltools.gnu-tools-for-stm32.12.3.rel1.win32_1.0.100.202403111256/tools/bin/../lib/gcc/arm-none-eabi/12.3.1/../../../../arm-none-eabi/lib/thumb/v6-m/nofp\libc_nano.a(libc_a-findfp.o)
 .text.global_stdio_init.part.0
                0x08005b58       0x3c D:/Program Files/STMicroelectronics/STM32CubeIDE/STM32CubeIDE_1.15.1/STM32CubeIDE/plugins/com.st.stm32cube.ide.mcu.externaltools.gnu-tools-for-stm32.12.3.rel1.win32_1.0.100.202403111256/tools/bin/../lib/gcc/arm-none-eabi/12.3.1/../../../../arm-none-eabi/lib/thumb/v6-m/nofp\libc_nano.a(libc_a-findfp.o)
 .text.__sfp_lock_acquire
                0x08005b94       0x10 D:/Program Files/STMicroelectronics/STM32CubeIDE/STM32CubeIDE_1.15.1/STM32CubeIDE/plugins/com.st.stm32cube.ide.mcu.externaltools.gnu-tools-for-stm32.12.3.rel1.win32_1.0.100.202403111256/tools/bin/../lib/gcc/arm-none-eabi/12.3.1/../../../../arm-none-eabi/lib/thumb/v6-m/nofp\libc_nano.a(libc_a-findfp.o)
                0x08005b94                __sfp_lock_acquire
 .text.__sfp_lock_release
                0x08005ba4       0x10 D:/Program Files/STMicroelectronics/STM32CubeIDE/STM32CubeIDE_1.15.1/STM32CubeIDE/plugins/com.st.stm32cube.ide.mcu.externaltools.gnu-tools-for-stm32.12.3.rel1.win32_1.0.100.202403111256/tools/bin/../lib/gcc/arm-none-eabi/12.3.1/../../../../arm-none-eabi/lib/thumb/v6-m/nofp\libc_nano.a(libc_a-findfp.o)
                0x08005ba4                __sfp_lock_release
 .text.__sinit  0x08005bb4       0x30 D:/Program Files/STMicroelectronics/STM32CubeIDE/STM32CubeIDE_1.15.1/STM32CubeIDE/plugins/com.st.stm32cube.ide.mcu.externaltools.gnu-tools-for-stm32.12.3.rel1.win32_1.0.100.202403111256/tools/bin/../lib/gcc/arm-none-eabi/12.3.1/../../../../arm-none-eabi/lib/thumb/v6-m/nofp\libc_nano.a(libc_a-findfp.o)
                0x08005bb4                __sinit
 .text._fwalk_sglue
                0x08005be4       0x38 D:/Program Files/STMicroelectronics/STM32CubeIDE/STM32CubeIDE_1.15.1/STM32CubeIDE/plugins/com.st.stm32cube.ide.mcu.externaltools.gnu-tools-for-stm32.12.3.rel1.win32_1.0.100.202403111256/tools/bin/../lib/gcc/arm-none-eabi/12.3.1/../../../../arm-none-eabi/lib/thumb/v6-m/nofp\libc_nano.a(libc_a-fwalk.o)
                0x08005be4                _fwalk_sglue
 .text.printf   0x08005c1c       0x20 D:/Program Files/STMicroelectronics/STM32CubeIDE/STM32CubeIDE_1.15.1/STM32CubeIDE/plugins/com.st.stm32cube.ide.mcu.externaltools.gnu-tools-for-stm32.12.3.rel1.win32_1.0.100.202403111256/tools/bin/../lib/gcc/arm-none-eabi/12.3.1/../../../../arm-none-eabi/lib/thumb/v6-m/nofp\libc_nano.a(libc_a-printf.o)
                0x08005c1c                iprintf
                0x08005c1c                printf
 .text._puts_r  0x08005c3c       0xac D:/Program Files/STMicroelectronics/STM32CubeIDE/STM32CubeIDE_1.15.1/STM32CubeIDE/plugins/com.st.stm32cube.ide.mcu.externaltools.gnu-tools-for-stm32.12.3.rel1.win32_1.0.100.202403111256/tools/bin/../lib/gcc/arm-none-eabi/12.3.1/../../../../arm-none-eabi/lib/thumb/v6-m/nofp\libc_nano.a(libc_a-puts.o)
                0x08005c3c                _puts_r
 .text.puts     0x08005ce8       0x14 D:/Program Files/STMicroelectronics/STM32CubeIDE/STM32CubeIDE_1.15.1/STM32CubeIDE/plugins/com.st.stm32cube.ide.mcu.externaltools.gnu-tools-for-stm32.12.3.rel1.win32_1.0.100.202403111256/tools/bin/../lib/gcc/arm-none-eabi/12.3.1/../../../../arm-none-eabi/lib/thumb/v6-m/nofp\libc_nano.a(libc_a-puts.o)
                0x08005ce8                puts
 .text.__sread  0x08005cfc       0x28 D:/Program Files/STMicroelectronics/STM32CubeIDE/STM32CubeIDE_1.15.1/STM32CubeIDE/plugins/com.st.stm32cube.ide.mcu.externaltools.gnu-tools-for-stm32.12.3.rel1.win32_1.0.100.202403111256/tools/bin/../lib/gcc/arm-none-eabi/12.3.1/../../../../arm-none-eabi/lib/thumb/v6-m/nofp\libc_nano.a(libc_a-stdio.o)
                0x08005cfc                __sread
 .text.__swrite
                0x08005d24       0x38 D:/Program Files/STMicroelectronics/STM32CubeIDE/STM32CubeIDE_1.15.1/STM32CubeIDE/plugins/com.st.stm32cube.ide.mcu.externaltools.gnu-tools-for-stm32.12.3.rel1.win32_1.0.100.202403111256/tools/bin/../lib/gcc/arm-none-eabi/12.3.1/../../../../arm-none-eabi/lib/thumb/v6-m/nofp\libc_nano.a(libc_a-stdio.o)
                0x08005d24                __swrite
 .text.__sseek  0x08005d5c       0x2c D:/Program Files/STMicroelectronics/STM32CubeIDE/STM32CubeIDE_1.15.1/STM32CubeIDE/plugins/com.st.stm32cube.ide.mcu.externaltools.gnu-tools-for-stm32.12.3.rel1.win32_1.0.100.202403111256/tools/bin/../lib/gcc/arm-none-eabi/12.3.1/../../../../arm-none-eabi/lib/thumb/v6-m/nofp\libc_nano.a(libc_a-stdio.o)
                0x08005d5c                __sseek
 .text.__sclose
                0x08005d88        0xc D:/Program Files/STMicroelectronics/STM32CubeIDE/STM32CubeIDE_1.15.1/STM32CubeIDE/plugins/com.st.stm32cube.ide.mcu.externaltools.gnu-tools-for-stm32.12.3.rel1.win32_1.0.100.202403111256/tools/bin/../lib/gcc/arm-none-eabi/12.3.1/../../../../arm-none-eabi/lib/thumb/v6-m/nofp\libc_nano.a(libc_a-stdio.o)
                0x08005d88                __sclose
 .text.__swbuf_r
                0x08005d94       0x84 D:/Program Files/STMicroelectronics/STM32CubeIDE/STM32CubeIDE_1.15.1/STM32CubeIDE/plugins/com.st.stm32cube.ide.mcu.externaltools.gnu-tools-for-stm32.12.3.rel1.win32_1.0.100.202403111256/tools/bin/../lib/gcc/arm-none-eabi/12.3.1/../../../../arm-none-eabi/lib/thumb/v6-m/nofp\libc_nano.a(libc_a-wbuf.o)
                0x08005d94                __swbuf_r
 .text.__swsetup_r
                0x08005e18       0xbc D:/Program Files/STMicroelectronics/STM32CubeIDE/STM32CubeIDE_1.15.1/STM32CubeIDE/plugins/com.st.stm32cube.ide.mcu.externaltools.gnu-tools-for-stm32.12.3.rel1.win32_1.0.100.202403111256/tools/bin/../lib/gcc/arm-none-eabi/12.3.1/../../../../arm-none-eabi/lib/thumb/v6-m/nofp\libc_nano.a(libc_a-wsetup.o)
                0x08005e18                __swsetup_r
 .text.memset   0x08005ed4       0x10 D:/Program Files/STMicroelectronics/STM32CubeIDE/STM32CubeIDE_1.15.1/STM32CubeIDE/plugins/com.st.stm32cube.ide.mcu.externaltools.gnu-tools-for-stm32.12.3.rel1.win32_1.0.100.202403111256/tools/bin/../lib/gcc/arm-none-eabi/12.3.1/../../../../arm-none-eabi/lib/thumb/v6-m/nofp\libc_nano.a(libc_a-memset.o)
                0x08005ed4                memset
 .text._close_r
                0x08005ee4       0x24 D:/Program Files/STMicroelectronics/STM32CubeIDE/STM32CubeIDE_1.15.1/STM32CubeIDE/plugins/com.st.stm32cube.ide.mcu.externaltools.gnu-tools-for-stm32.12.3.rel1.win32_1.0.100.202403111256/tools/bin/../lib/gcc/arm-none-eabi/12.3.1/../../../../arm-none-eabi/lib/thumb/v6-m/nofp\libc_nano.a(libc_a-closer.o)
                0x08005ee4                _close_r
 .text._lseek_r
                0x08005f08       0x28 D:/Program Files/STMicroelectronics/STM32CubeIDE/STM32CubeIDE_1.15.1/STM32CubeIDE/plugins/com.st.stm32cube.ide.mcu.externaltools.gnu-tools-for-stm32.12.3.rel1.win32_1.0.100.202403111256/tools/bin/../lib/gcc/arm-none-eabi/12.3.1/../../../../arm-none-eabi/lib/thumb/v6-m/nofp\libc_nano.a(libc_a-lseekr.o)
                0x08005f08                _lseek_r
 .text._read_r  0x08005f30       0x28 D:/Program Files/STMicroelectronics/STM32CubeIDE/STM32CubeIDE_1.15.1/STM32CubeIDE/plugins/com.st.stm32cube.ide.mcu.externaltools.gnu-tools-for-stm32.12.3.rel1.win32_1.0.100.202403111256/tools/bin/../lib/gcc/arm-none-eabi/12.3.1/../../../../arm-none-eabi/lib/thumb/v6-m/nofp\libc_nano.a(libc_a-readr.o)
                0x08005f30                _read_r
 .text._write_r
                0x08005f58       0x28 D:/Program Files/STMicroelectronics/STM32CubeIDE/STM32CubeIDE_1.15.1/STM32CubeIDE/plugins/com.st.stm32cube.ide.mcu.externaltools.gnu-tools-for-stm32.12.3.rel1.win32_1.0.100.202403111256/tools/bin/../lib/gcc/arm-none-eabi/12.3.1/../../../../arm-none-eabi/lib/thumb/v6-m/nofp\libc_nano.a(libc_a-writer.o)
                0x08005f58                _write_r
 .text.__errno  0x08005f80        0xc D:/Program Files/STMicroelectronics/STM32CubeIDE/STM32CubeIDE_1.15.1/STM32CubeIDE/plugins/com.st.stm32cube.ide.mcu.externaltools.gnu-tools-for-stm32.12.3.rel1.win32_1.0.100.202403111256/tools/bin/../lib/gcc/arm-none-eabi/12.3.1/../../../../arm-none-eabi/lib/thumb/v6-m/nofp\libc_nano.a(libc_a-errno.o)
                0x08005f80                __errno
 .text.__libc_init_array
                0x08005f8c       0x48 D:/Program Files/STMicroelectronics/STM32CubeIDE/STM32CubeIDE_1.15.1/STM32CubeIDE/plugins/com.st.stm32cube.ide.mcu.externaltools.gnu-tools-for-stm32.12.3.rel1.win32_1.0.100.202403111256/tools/bin/../lib/gcc/arm-none-eabi/12.3.1/../../../../arm-none-eabi/lib/thumb/v6-m/nofp\libc_nano.a(libc_a-init.o)
                0x08005f8c                __libc_init_array
 .text.__retarget_lock_init_recursive
                0x08005fd4        0x2 D:/Program Files/STMicroelectronics/STM32CubeIDE/STM32CubeIDE_1.15.1/STM32CubeIDE/plugins/com.st.stm32cube.ide.mcu.externaltools.gnu-tools-for-stm32.12.3.rel1.win32_1.0.100.202403111256/tools/bin/../lib/gcc/arm-none-eabi/12.3.1/../../../../arm-none-eabi/lib/thumb/v6-m/nofp\libc_nano.a(libc_a-lock.o)
                0x08005fd4                __retarget_lock_init_recursive
 .text.__retarget_lock_acquire_recursive
                0x08005fd6        0x2 D:/Program Files/STMicroelectronics/STM32CubeIDE/STM32CubeIDE_1.15.1/STM32CubeIDE/plugins/com.st.stm32cube.ide.mcu.externaltools.gnu-tools-for-stm32.12.3.rel1.win32_1.0.100.202403111256/tools/bin/../lib/gcc/arm-none-eabi/12.3.1/../../../../arm-none-eabi/lib/thumb/v6-m/nofp\libc_nano.a(libc_a-lock.o)
                0x08005fd6                __retarget_lock_acquire_recursive
 .text.__retarget_lock_release_recursive
                0x08005fd8        0x2 D:/Program Files/STMicroelectronics/STM32CubeIDE/STM32CubeIDE_1.15.1/STM32CubeIDE/plugins/com.st.stm32cube.ide.mcu.externaltools.gnu-tools-for-stm32.12.3.rel1.win32_1.0.100.202403111256/tools/bin/../lib/gcc/arm-none-eabi/12.3.1/../../../../arm-none-eabi/lib/thumb/v6-m/nofp\libc_nano.a(libc_a-lock.o)
                0x08005fd8                __retarget_lock_release_recursive
 *fill*         0x08005fda        0x2 
 .text._free_r  0x08005fdc       0x94 D:/Program Files/STMicroelectronics/STM32CubeIDE/STM32CubeIDE_1.15.1/STM32CubeIDE/plugins/com.st.stm32cube.ide.mcu.externaltools.gnu-tools-for-stm32.12.3.rel1.win32_1.0.100.202403111256/tools/bin/../lib/gcc/arm-none-eabi/12.3.1/../../../../arm-none-eabi/lib/thumb/v6-m/nofp\libc_nano.a(libc_a-freer.o)
                0x08005fdc                _free_r
 .text.sbrk_aligned
                0x08006070       0x44 D:/Program Files/STMicroelectronics/STM32CubeIDE/STM32CubeIDE_1.15.1/STM32CubeIDE/plugins/com.st.stm32cube.ide.mcu.externaltools.gnu-tools-for-stm32.12.3.rel1.win32_1.0.100.202403111256/tools/bin/../lib/gcc/arm-none-eabi/12.3.1/../../../../arm-none-eabi/lib/thumb/v6-m/nofp\libc_nano.a(libc_a-mallocr.o)
 .text._malloc_r
                0x080060b4      0x100 D:/Program Files/STMicroelectronics/STM32CubeIDE/STM32CubeIDE_1.15.1/STM32CubeIDE/plugins/com.st.stm32cube.ide.mcu.externaltools.gnu-tools-for-stm32.12.3.rel1.win32_1.0.100.202403111256/tools/bin/../lib/gcc/arm-none-eabi/12.3.1/../../../../arm-none-eabi/lib/thumb/v6-m/nofp\libc_nano.a(libc_a-mallocr.o)
                0x080060b4                _malloc_r
 .text.__malloc_lock
                0x080061b4       0x10 D:/Program Files/STMicroelectronics/STM32CubeIDE/STM32CubeIDE_1.15.1/STM32CubeIDE/plugins/com.st.stm32cube.ide.mcu.externaltools.gnu-tools-for-stm32.12.3.rel1.win32_1.0.100.202403111256/tools/bin/../lib/gcc/arm-none-eabi/12.3.1/../../../../arm-none-eabi/lib/thumb/v6-m/nofp\libc_nano.a(libc_a-mlock.o)
                0x080061b4                __malloc_lock
 .text.__malloc_unlock
                0x080061c4       0x10 D:/Program Files/STMicroelectronics/STM32CubeIDE/STM32CubeIDE_1.15.1/STM32CubeIDE/plugins/com.st.stm32cube.ide.mcu.externaltools.gnu-tools-for-stm32.12.3.rel1.win32_1.0.100.202403111256/tools/bin/../lib/gcc/arm-none-eabi/12.3.1/../../../../arm-none-eabi/lib/thumb/v6-m/nofp\libc_nano.a(libc_a-mlock.o)
                0x080061c4                __malloc_unlock
 .text.__sfputc_r
                0x080061d4       0x2a D:/Program Files/STMicroelectronics/STM32CubeIDE/STM32CubeIDE_1.15.1/STM32CubeIDE/plugins/com.st.stm32cube.ide.mcu.externaltools.gnu-tools-for-stm32.12.3.rel1.win32_1.0.100.202403111256/tools/bin/../lib/gcc/arm-none-eabi/12.3.1/../../../../arm-none-eabi/lib/thumb/v6-m/nofp\libc_nano.a(libc_a-nano-vfprintf.o)
 .text.__sfputs_r
                0x080061fe       0x24 D:/Program Files/STMicroelectronics/STM32CubeIDE/STM32CubeIDE_1.15.1/STM32CubeIDE/plugins/com.st.stm32cube.ide.mcu.externaltools.gnu-tools-for-stm32.12.3.rel1.win32_1.0.100.202403111256/tools/bin/../lib/gcc/arm-none-eabi/12.3.1/../../../../arm-none-eabi/lib/thumb/v6-m/nofp\libc_nano.a(libc_a-nano-vfprintf.o)
                0x080061fe                __sfputs_r
 *fill*         0x08006222        0x2 
 .text._vfprintf_r
                0x08006224      0x238 D:/Program Files/STMicroelectronics/STM32CubeIDE/STM32CubeIDE_1.15.1/STM32CubeIDE/plugins/com.st.stm32cube.ide.mcu.externaltools.gnu-tools-for-stm32.12.3.rel1.win32_1.0.100.202403111256/tools/bin/../lib/gcc/arm-none-eabi/12.3.1/../../../../arm-none-eabi/lib/thumb/v6-m/nofp\libc_nano.a(libc_a-nano-vfprintf.o)
                0x08006224                _vfprintf_r
                0x08006224                _vfiprintf_r
 .text._printf_common
                0x0800645c       0xde D:/Program Files/STMicroelectronics/STM32CubeIDE/STM32CubeIDE_1.15.1/STM32CubeIDE/plugins/com.st.stm32cube.ide.mcu.externaltools.gnu-tools-for-stm32.12.3.rel1.win32_1.0.100.202403111256/tools/bin/../lib/gcc/arm-none-eabi/12.3.1/../../../../arm-none-eabi/lib/thumb/v6-m/nofp\libc_nano.a(libc_a-nano-vfprintf_i.o)
                0x0800645c                _printf_common
 *fill*         0x0800653a        0x2 
 .text._printf_i
                0x0800653c      0x21c D:/Program Files/STMicroelectronics/STM32CubeIDE/STM32CubeIDE_1.15.1/STM32CubeIDE/plugins/com.st.stm32cube.ide.mcu.externaltools.gnu-tools-for-stm32.12.3.rel1.win32_1.0.100.202403111256/tools/bin/../lib/gcc/arm-none-eabi/12.3.1/../../../../arm-none-eabi/lib/thumb/v6-m/nofp\libc_nano.a(libc_a-nano-vfprintf_i.o)
                0x0800653c                _printf_i
 .text.__sflush_r
                0x08006758      0x10c D:/Program Files/STMicroelectronics/STM32CubeIDE/STM32CubeIDE_1.15.1/STM32CubeIDE/plugins/com.st.stm32cube.ide.mcu.externaltools.gnu-tools-for-stm32.12.3.rel1.win32_1.0.100.202403111256/tools/bin/../lib/gcc/arm-none-eabi/12.3.1/../../../../arm-none-eabi/lib/thumb/v6-m/nofp\libc_nano.a(libc_a-fflush.o)
                0x08006758                __sflush_r
 .text._fflush_r
                0x08006864       0x56 D:/Program Files/STMicroelectronics/STM32CubeIDE/STM32CubeIDE_1.15.1/STM32CubeIDE/plugins/com.st.stm32cube.ide.mcu.externaltools.gnu-tools-for-stm32.12.3.rel1.win32_1.0.100.202403111256/tools/bin/../lib/gcc/arm-none-eabi/12.3.1/../../../../arm-none-eabi/lib/thumb/v6-m/nofp\libc_nano.a(libc_a-fflush.o)
                0x08006864                _fflush_r
 *fill*         0x080068ba        0x2 
 .text.__swhatbuf_r
                0x080068bc       0x54 D:/Program Files/STMicroelectronics/STM32CubeIDE/STM32CubeIDE_1.15.1/STM32CubeIDE/plugins/com.st.stm32cube.ide.mcu.externaltools.gnu-tools-for-stm32.12.3.rel1.win32_1.0.100.202403111256/tools/bin/../lib/gcc/arm-none-eabi/12.3.1/../../../../arm-none-eabi/lib/thumb/v6-m/nofp\libc_nano.a(libc_a-makebuf.o)
                0x080068bc                __swhatbuf_r
 .text.__smakebuf_r
                0x08006910       0x82 D:/Program Files/STMicroelectronics/STM32CubeIDE/STM32CubeIDE_1.15.1/STM32CubeIDE/plugins/com.st.stm32cube.ide.mcu.externaltools.gnu-tools-for-stm32.12.3.rel1.win32_1.0.100.202403111256/tools/bin/../lib/gcc/arm-none-eabi/12.3.1/../../../../arm-none-eabi/lib/thumb/v6-m/nofp\libc_nano.a(libc_a-makebuf.o)
                0x08006910                __smakebuf_r
 *fill*         0x08006992        0x2 
 .text._fstat_r
                0x08006994       0x24 D:/Program Files/STMicroelectronics/STM32CubeIDE/STM32CubeIDE_1.15.1/STM32CubeIDE/plugins/com.st.stm32cube.ide.mcu.externaltools.gnu-tools-for-stm32.12.3.rel1.win32_1.0.100.202403111256/tools/bin/../lib/gcc/arm-none-eabi/12.3.1/../../../../arm-none-eabi/lib/thumb/v6-m/nofp\libc_nano.a(libc_a-fstatr.o)
                0x08006994                _fstat_r
 .text._isatty_r
                0x080069b8       0x24 D:/Program Files/STMicroelectronics/STM32CubeIDE/STM32CubeIDE_1.15.1/STM32CubeIDE/plugins/com.st.stm32cube.ide.mcu.externaltools.gnu-tools-for-stm32.12.3.rel1.win32_1.0.100.202403111256/tools/bin/../lib/gcc/arm-none-eabi/12.3.1/../../../../arm-none-eabi/lib/thumb/v6-m/nofp\libc_nano.a(libc_a-isattyr.o)
                0x080069b8                _isatty_r
 .text._sbrk_r  0x080069dc       0x24 D:/Program Files/STMicroelectronics/STM32CubeIDE/STM32CubeIDE_1.15.1/STM32CubeIDE/plugins/com.st.stm32cube.ide.mcu.externaltools.gnu-tools-for-stm32.12.3.rel1.win32_1.0.100.202403111256/tools/bin/../lib/gcc/arm-none-eabi/12.3.1/../../../../arm-none-eabi/lib/thumb/v6-m/nofp\libc_nano.a(libc_a-sbrkr.o)
                0x080069dc                _sbrk_r
 .text.memchr   0x08006a00       0x16 D:/Program Files/STMicroelectronics/STM32CubeIDE/STM32CubeIDE_1.15.1/STM32CubeIDE/plugins/com.st.stm32cube.ide.mcu.externaltools.gnu-tools-for-stm32.12.3.rel1.win32_1.0.100.202403111256/tools/bin/../lib/gcc/arm-none-eabi/12.3.1/../../../../arm-none-eabi/lib/thumb/v6-m/nofp\libc_nano.a(libc_a-memchr-stub.o)
                0x08006a00                memchr
 *(.glue_7)
 .glue_7        0x08006a16        0x0 linker stubs
 *(.glue_7t)
 .glue_7t       0x08006a16        0x0 linker stubs
 *(.eh_frame)
 *fill*         0x08006a16        0x2 
 .eh_frame      0x08006a18        0x0 D:/Program Files/STMicroelectronics/STM32CubeIDE/STM32CubeIDE_1.15.1/STM32CubeIDE/plugins/com.st.stm32cube.ide.mcu.externaltools.gnu-tools-for-stm32.12.3.rel1.win32_1.0.100.202403111256/tools/bin/../lib/gcc/arm-none-eabi/12.3.1/thumb/v6-m/nofp/crtbegin.o
 *(.init)
 .init          0x08006a18        0x4 D:/Program Files/STMicroelectronics/STM32CubeIDE/STM32CubeIDE_1.15.1/STM32CubeIDE/plugins/com.st.stm32cube.ide.mcu.externaltools.gnu-tools-for-stm32.12.3.rel1.win32_1.0.100.202403111256/tools/bin/../lib/gcc/arm-none-eabi/12.3.1/thumb/v6-m/nofp/crti.o
                0x08006a18                _init
 .init          0x08006a1c        0x8 D:/Program Files/STMicroelectronics/STM32CubeIDE/STM32CubeIDE_1.15.1/STM32CubeIDE/plugins/com.st.stm32cube.ide.mcu.externaltools.gnu-tools-for-stm32.12.3.rel1.win32_1.0.100.202403111256/tools/bin/../lib/gcc/arm-none-eabi/12.3.1/thumb/v6-m/nofp/crtn.o
 *(.fini)
 .fini          0x08006a24        0x4 D:/Program Files/STMicroelectronics/STM32CubeIDE/STM32CubeIDE_1.15.1/STM32CubeIDE/plugins/com.st.stm32cube.ide.mcu.externaltools.gnu-tools-for-stm32.12.3.rel1.win32_1.0.100.202403111256/tools/bin/../lib/gcc/arm-none-eabi/12.3.1/thumb/v6-m/nofp/crti.o
                0x08006a24                _fini
 .fini          0x08006a28        0x8 D:/Program Files/STMicroelectronics/STM32CubeIDE/STM32CubeIDE_1.15.1/STM32CubeIDE/plugins/com.st.stm32cube.ide.mcu.externaltools.gnu-tools-for-stm32.12.3.rel1.win32_1.0.100.202403111256/tools/bin/../lib/gcc/arm-none-eabi/12.3.1/thumb/v6-m/nofp/crtn.o
                0x08006a30                        . = ALIGN (0x4)
                0x08006a30                        _etext = .

.vfp11_veneer   0x08006a30        0x0
 .vfp11_veneer  0x08006a30        0x0 linker stubs

.v4_bx          0x08006a30        0x0
 .v4_bx         0x08006a30        0x0 linker stubs

.iplt           0x08006a30        0x0
 .iplt          0x08006a30        0x0 D:/Program Files/STMicroelectronics/STM32CubeIDE/STM32CubeIDE_1.15.1/STM32CubeIDE/plugins/com.st.stm32cube.ide.mcu.externaltools.gnu-tools-for-stm32.12.3.rel1.win32_1.0.100.202403111256/tools/bin/../lib/gcc/arm-none-eabi/12.3.1/thumb/v6-m/nofp/crtbegin.o

.rodata         0x08006a30      0x1f4
                0x08006a30                        . = ALIGN (0x4)
 *(.rodata)
 .rodata        0x08006a30      0x15c ./Core/Src/main.o
 .rodata        0x08006b8c       0x2c ./Core/Src/stm32f0xx_it.o
 *(.rodata*)
 .rodata.AHBPrescTable
                0x08006bb8       0x10 ./Core/Src/system_stm32f0xx.o
                0x08006bb8                AHBPrescTable
 .rodata.APBPrescTable
                0x08006bc8        0x8 ./Core/Src/system_stm32f0xx.o
                0x08006bc8                APBPrescTable
 .rodata.aPLLMULFactorTable.1
                0x08006bd0       0x10 ./Drivers/STM32F0xx_HAL_Driver/Src/stm32f0xx_hal_rcc.o
 .rodata.aPredivFactorTable.0
                0x08006be0       0x10 ./Drivers/STM32F0xx_HAL_Driver/Src/stm32f0xx_hal_rcc.o
 .rodata._vfprintf_r.str1.1
                0x08006bf0       0x11 D:/Program Files/STMicroelectronics/STM32CubeIDE/STM32CubeIDE_1.15.1/STM32CubeIDE/plugins/com.st.stm32cube.ide.mcu.externaltools.gnu-tools-for-stm32.12.3.rel1.win32_1.0.100.202403111256/tools/bin/../lib/gcc/arm-none-eabi/12.3.1/../../../../arm-none-eabi/lib/thumb/v6-m/nofp\libc_nano.a(libc_a-nano-vfprintf.o)
 .rodata._printf_i.str1.1
                0x08006c01       0x22 D:/Program Files/STMicroelectronics/STM32CubeIDE/STM32CubeIDE_1.15.1/STM32CubeIDE/plugins/com.st.stm32cube.ide.mcu.externaltools.gnu-tools-for-stm32.12.3.rel1.win32_1.0.100.202403111256/tools/bin/../lib/gcc/arm-none-eabi/12.3.1/../../../../arm-none-eabi/lib/thumb/v6-m/nofp\libc_nano.a(libc_a-nano-vfprintf_i.o)
                0x08006c24                        . = ALIGN (0x4)
 *fill*         0x08006c23        0x1 

.ARM.extab      0x08006c24        0x0
                0x08006c24                        . = ALIGN (0x4)
 *(.ARM.extab* .gnu.linkonce.armextab.*)
                0x08006c24                        . = ALIGN (0x4)

.ARM            0x08006c24        0x0
                0x08006c24                        . = ALIGN (0x4)
                0x08006c24                        __exidx_start = .
 *(.ARM.exidx*)
                0x08006c24                        __exidx_end = .
                0x08006c24                        . = ALIGN (0x4)

.preinit_array  0x08006c24        0x0
                0x08006c24                        . = ALIGN (0x4)
                0x08006c24                        PROVIDE (__preinit_array_start = .)
 *(.preinit_array*)
                0x08006c24                        PROVIDE (__preinit_array_end = .)
                0x08006c24                        . = ALIGN (0x4)

.init_array     0x08006c24        0x4
                0x08006c24                        . = ALIGN (0x4)
                0x08006c24                        PROVIDE (__init_array_start = .)
 *(SORT_BY_NAME(.init_array.*))
 *(.init_array*)
 .init_array    0x08006c24        0x4 D:/Program Files/STMicroelectronics/STM32CubeIDE/STM32CubeIDE_1.15.1/STM32CubeIDE/plugins/com.st.stm32cube.ide.mcu.externaltools.gnu-tools-for-stm32.12.3.rel1.win32_1.0.100.202403111256/tools/bin/../lib/gcc/arm-none-eabi/12.3.1/thumb/v6-m/nofp/crtbegin.o
                0x08006c28                        PROVIDE (__init_array_end = .)
                0x08006c28                        . = ALIGN (0x4)

.fini_array     0x08006c28        0x4
                0x08006c28                        . = ALIGN (0x4)
                [!provide]                        PROVIDE (__fini_array_start = .)
 *(SORT_BY_NAME(.fini_array.*))
 *(.fini_array*)
 .fini_array    0x08006c28        0x4 D:/Program Files/STMicroelectronics/STM32CubeIDE/STM32CubeIDE_1.15.1/STM32CubeIDE/plugins/com.st.stm32cube.ide.mcu.externaltools.gnu-tools-for-stm32.12.3.rel1.win32_1.0.100.202403111256/tools/bin/../lib/gcc/arm-none-eabi/12.3.1/thumb/v6-m/nofp/crtbegin.o
                [!provide]                        PROVIDE (__fini_array_end = .)
                0x08006c2c                        . = ALIGN (0x4)
                0x08006c2c                        _sidata = LOADADDR (.data)

.rel.dyn        0x08006c2c        0x0
 .rel.iplt      0x08006c2c        0x0 D:/Program Files/STMicroelectronics/STM32CubeIDE/STM32CubeIDE_1.15.1/STM32CubeIDE/plugins/com.st.stm32cube.ide.mcu.externaltools.gnu-tools-for-stm32.12.3.rel1.win32_1.0.100.202403111256/tools/bin/../lib/gcc/arm-none-eabi/12.3.1/thumb/v6-m/nofp/crtbegin.o

.data           0x20000000       0x68 load address 0x08006c2c
                0x20000000                        . = ALIGN (0x4)
                0x20000000                        _sdata = .
 *(.data)
 *(.data*)
 .data.SystemCoreClock
                0x20000000        0x4 ./Core/Src/system_stm32f0xx.o
                0x20000000                SystemCoreClock
 .data.uwTickPrio
                0x20000004        0x4 ./Drivers/STM32F0xx_HAL_Driver/Src/stm32f0xx_hal.o
                0x20000004                uwTickPrio
 .data.uwTickFreq
                0x20000008        0x1 ./Drivers/STM32F0xx_HAL_Driver/Src/stm32f0xx_hal.o
                0x20000008                uwTickFreq
 *fill*         0x20000009        0x3 
 .data.__sglue  0x2000000c        0xc D:/Program Files/STMicroelectronics/STM32CubeIDE/STM32CubeIDE_1.15.1/STM32CubeIDE/plugins/com.st.stm32cube.ide.mcu.externaltools.gnu-tools-for-stm32.12.3.rel1.win32_1.0.100.202403111256/tools/bin/../lib/gcc/arm-none-eabi/12.3.1/../../../../arm-none-eabi/lib/thumb/v6-m/nofp\libc_nano.a(libc_a-findfp.o)
                0x2000000c                __sglue
 .data._impure_ptr
                0x20000018        0x4 D:/Program Files/STMicroelectronics/STM32CubeIDE/STM32CubeIDE_1.15.1/STM32CubeIDE/plugins/com.st.stm32cube.ide.mcu.externaltools.gnu-tools-for-stm32.12.3.rel1.win32_1.0.100.202403111256/tools/bin/../lib/gcc/arm-none-eabi/12.3.1/../../../../arm-none-eabi/lib/thumb/v6-m/nofp\libc_nano.a(libc_a-impure.o)
                0x20000018                _impure_ptr
 .data._impure_data
                0x2000001c       0x4c D:/Program Files/STMicroelectronics/STM32CubeIDE/STM32CubeIDE_1.15.1/STM32CubeIDE/plugins/com.st.stm32cube.ide.mcu.externaltools.gnu-tools-for-stm32.12.3.rel1.win32_1.0.100.202403111256/tools/bin/../lib/gcc/arm-none-eabi/12.3.1/../../../../arm-none-eabi/lib/thumb/v6-m/nofp\libc_nano.a(libc_a-impure.o)
                0x2000001c                _impure_data
 *(.RamFunc)
 *(.RamFunc*)
                0x20000068                        . = ALIGN (0x4)
                0x20000068                        _edata = .

.igot.plt       0x20000068        0x0 load address 0x08006c94
 .igot.plt      0x20000068        0x0 D:/Program Files/STMicroelectronics/STM32CubeIDE/STM32CubeIDE_1.15.1/STM32CubeIDE/plugins/com.st.stm32cube.ide.mcu.externaltools.gnu-tools-for-stm32.12.3.rel1.win32_1.0.100.202403111256/tools/bin/../lib/gcc/arm-none-eabi/12.3.1/thumb/v6-m/nofp/crtbegin.o
                0x20000068                        . = ALIGN (0x4)

.bss            0x20000068      0x528 load address 0x08006c94
                0x20000068                        _sbss = .
                0x20000068                        __bss_start__ = _sbss
 *(.bss)
 .bss           0x20000068       0x1c D:/Program Files/STMicroelectronics/STM32CubeIDE/STM32CubeIDE_1.15.1/STM32CubeIDE/plugins/com.st.stm32cube.ide.mcu.externaltools.gnu-tools-for-stm32.12.3.rel1.win32_1.0.100.202403111256/tools/bin/../lib/gcc/arm-none-eabi/12.3.1/thumb/v6-m/nofp/crtbegin.o
 *(.bss*)
 .bss.hi2c1     0x20000084       0x54 ./Core/Src/i2c.o
                0x20000084                hi2c1
 .bss.I2C_BUFFER_READ
                0x200000d8       0xff ./Core/Src/main.o
                0x200000d8                I2C_BUFFER_READ
 *fill*         0x200001d7        0x1 
 .bss.RX_Buff   0x200001d8        0x1 ./Core/Src/main.o
                0x200001d8                RX_Buff
 *fill*         0x200001d9        0x3 
 .bss.USART_RX_BUF
                0x200001dc       0xff ./Core/Src/main.o
                0x200001dc                USART_RX_BUF
 .bss.USART_RX_STA
                0x200002db        0x1 ./Core/Src/main.o
                0x200002db                USART_RX_STA
 .bss.n         0x200002dc        0x1 ./Core/Src/main.o
                0x200002dc                n
 .bss.rx_flg    0x200002dd        0x1 ./Core/Src/main.o
                0x200002dd                rx_flg
 *fill*         0x200002de        0x2 
 .bss.htim1     0x200002e0       0x48 ./Core/Src/stm32f0xx_hal_timebase_tim.o
                0x200002e0                htim1
 .bss.WRITE_DATA_COUNT
                0x20000328        0x1 ./Core/Src/stm32f0xx_it.o
                0x20000328                WRITE_DATA_COUNT
 *fill*         0x20000329        0x3 
 .bss.__sbrk_heap_end
                0x2000032c        0x4 ./Core/Src/sysmem.o
 .bss.huart1    0x20000330       0x88 ./Core/Src/usart.o
                0x20000330                huart1
 .bss.hdma_usart1_rx
                0x200003b8       0x44 ./Core/Src/usart.o
                0x200003b8                hdma_usart1_rx
 .bss.hdma_usart1_tx
                0x200003fc       0x44 ./Core/Src/usart.o
                0x200003fc                hdma_usart1_tx
 .bss.uwTick    0x20000440        0x4 ./Drivers/STM32F0xx_HAL_Driver/Src/stm32f0xx_hal.o
                0x20000440                uwTick
 .bss.__sf      0x20000444      0x138 D:/Program Files/STMicroelectronics/STM32CubeIDE/STM32CubeIDE_1.15.1/STM32CubeIDE/plugins/com.st.stm32cube.ide.mcu.externaltools.gnu-tools-for-stm32.12.3.rel1.win32_1.0.100.202403111256/tools/bin/../lib/gcc/arm-none-eabi/12.3.1/../../../../arm-none-eabi/lib/thumb/v6-m/nofp\libc_nano.a(libc_a-findfp.o)
                0x20000444                __sf
 .bss.__stdio_exit_handler
                0x2000057c        0x4 D:/Program Files/STMicroelectronics/STM32CubeIDE/STM32CubeIDE_1.15.1/STM32CubeIDE/plugins/com.st.stm32cube.ide.mcu.externaltools.gnu-tools-for-stm32.12.3.rel1.win32_1.0.100.202403111256/tools/bin/../lib/gcc/arm-none-eabi/12.3.1/../../../../arm-none-eabi/lib/thumb/v6-m/nofp\libc_nano.a(libc_a-findfp.o)
                0x2000057c                __stdio_exit_handler
 .bss.errno     0x20000580        0x4 D:/Program Files/STMicroelectronics/STM32CubeIDE/STM32CubeIDE_1.15.1/STM32CubeIDE/plugins/com.st.stm32cube.ide.mcu.externaltools.gnu-tools-for-stm32.12.3.rel1.win32_1.0.100.202403111256/tools/bin/../lib/gcc/arm-none-eabi/12.3.1/../../../../arm-none-eabi/lib/thumb/v6-m/nofp\libc_nano.a(libc_a-reent.o)
                0x20000580                errno
 .bss.__lock___malloc_recursive_mutex
                0x20000584        0x1 D:/Program Files/STMicroelectronics/STM32CubeIDE/STM32CubeIDE_1.15.1/STM32CubeIDE/plugins/com.st.stm32cube.ide.mcu.externaltools.gnu-tools-for-stm32.12.3.rel1.win32_1.0.100.202403111256/tools/bin/../lib/gcc/arm-none-eabi/12.3.1/../../../../arm-none-eabi/lib/thumb/v6-m/nofp\libc_nano.a(libc_a-lock.o)
                0x20000584                __lock___malloc_recursive_mutex
 .bss.__lock___sfp_recursive_mutex
                0x20000585        0x1 D:/Program Files/STMicroelectronics/STM32CubeIDE/STM32CubeIDE_1.15.1/STM32CubeIDE/plugins/com.st.stm32cube.ide.mcu.externaltools.gnu-tools-for-stm32.12.3.rel1.win32_1.0.100.202403111256/tools/bin/../lib/gcc/arm-none-eabi/12.3.1/../../../../arm-none-eabi/lib/thumb/v6-m/nofp\libc_nano.a(libc_a-lock.o)
                0x20000585                __lock___sfp_recursive_mutex
 *fill*         0x20000586        0x2 
 .bss.__malloc_sbrk_start
                0x20000588        0x4 D:/Program Files/STMicroelectronics/STM32CubeIDE/STM32CubeIDE_1.15.1/STM32CubeIDE/plugins/com.st.stm32cube.ide.mcu.externaltools.gnu-tools-for-stm32.12.3.rel1.win32_1.0.100.202403111256/tools/bin/../lib/gcc/arm-none-eabi/12.3.1/../../../../arm-none-eabi/lib/thumb/v6-m/nofp\libc_nano.a(libc_a-mallocr.o)
                0x20000588                __malloc_sbrk_start
 .bss.__malloc_free_list
                0x2000058c        0x4 D:/Program Files/STMicroelectronics/STM32CubeIDE/STM32CubeIDE_1.15.1/STM32CubeIDE/plugins/com.st.stm32cube.ide.mcu.externaltools.gnu-tools-for-stm32.12.3.rel1.win32_1.0.100.202403111256/tools/bin/../lib/gcc/arm-none-eabi/12.3.1/../../../../arm-none-eabi/lib/thumb/v6-m/nofp\libc_nano.a(libc_a-mallocr.o)
                0x2000058c                __malloc_free_list
 *(COMMON)
                0x20000590                        . = ALIGN (0x4)
                0x20000590                        _ebss = .
                0x20000590                        __bss_end__ = _ebss

._user_heap_stack
                0x20000590      0x600 load address 0x08006c94
                0x20000590                        . = ALIGN (0x8)
                [!provide]                        PROVIDE (end = .)
                0x20000590                        PROVIDE (_end = .)
                0x20000790                        . = (. + _Min_Heap_Size)
 *fill*         0x20000590      0x200 
                0x20000b90                        . = (. + _Min_Stack_Size)
 *fill*         0x20000790      0x400 
                0x20000b90                        . = ALIGN (0x8)

/DISCARD/
 libc.a(*)
 libm.a(*)
 libgcc.a(*)

.ARM.attributes
                0x00000000       0x28
 *(.ARM.attributes)
 .ARM.attributes
                0x00000000       0x1e D:/Program Files/STMicroelectronics/STM32CubeIDE/STM32CubeIDE_1.15.1/STM32CubeIDE/plugins/com.st.stm32cube.ide.mcu.externaltools.gnu-tools-for-stm32.12.3.rel1.win32_1.0.100.202403111256/tools/bin/../lib/gcc/arm-none-eabi/12.3.1/thumb/v6-m/nofp/crti.o
 .ARM.attributes
                0x0000001e       0x2c D:/Program Files/STMicroelectronics/STM32CubeIDE/STM32CubeIDE_1.15.1/STM32CubeIDE/plugins/com.st.stm32cube.ide.mcu.externaltools.gnu-tools-for-stm32.12.3.rel1.win32_1.0.100.202403111256/tools/bin/../lib/gcc/arm-none-eabi/12.3.1/thumb/v6-m/nofp/crtbegin.o
 .ARM.attributes
                0x0000004a       0x2c ./Core/Src/dma.o
 .ARM.attributes
                0x00000076       0x2c ./Core/Src/gpio.o
 .ARM.attributes
                0x000000a2       0x2c ./Core/Src/i2c.o
 .ARM.attributes
                0x000000ce       0x2c ./Core/Src/main.o
 .ARM.attributes
                0x000000fa       0x2c ./Core/Src/stm32f0xx_hal_msp.o
 .ARM.attributes
                0x00000126       0x2c ./Core/Src/stm32f0xx_hal_timebase_tim.o
 .ARM.attributes
                0x00000152       0x2c ./Core/Src/stm32f0xx_it.o
 .ARM.attributes
                0x0000017e       0x2c ./Core/Src/syscalls.o
 .ARM.attributes
                0x000001aa       0x2c ./Core/Src/sysmem.o
 .ARM.attributes
                0x000001d6       0x2c ./Core/Src/system_stm32f0xx.o
 .ARM.attributes
                0x00000202       0x2c ./Core/Src/usart.o
 .ARM.attributes
                0x0000022e       0x21 ./Core/Startup/startup_stm32f042k6tx.o
 .ARM.attributes
                0x0000024f       0x2c ./Drivers/BSP/SrC/24cxx.o
 .ARM.attributes
                0x0000027b       0x2c ./Drivers/STM32F0xx_HAL_Driver/Src/stm32f0xx_hal.o
 .ARM.attributes
                0x000002a7       0x2c ./Drivers/STM32F0xx_HAL_Driver/Src/stm32f0xx_hal_cortex.o
 .ARM.attributes
                0x000002d3       0x2c ./Drivers/STM32F0xx_HAL_Driver/Src/stm32f0xx_hal_dma.o
 .ARM.attributes
                0x000002ff       0x2c ./Drivers/STM32F0xx_HAL_Driver/Src/stm32f0xx_hal_gpio.o
 .ARM.attributes
                0x0000032b       0x2c ./Drivers/STM32F0xx_HAL_Driver/Src/stm32f0xx_hal_i2c.o
 .ARM.attributes
                0x00000357       0x2c ./Drivers/STM32F0xx_HAL_Driver/Src/stm32f0xx_hal_i2c_ex.o
 .ARM.attributes
                0x00000383       0x2c ./Drivers/STM32F0xx_HAL_Driver/Src/stm32f0xx_hal_rcc.o
 .ARM.attributes
                0x000003af       0x2c ./Drivers/STM32F0xx_HAL_Driver/Src/stm32f0xx_hal_rcc_ex.o
 .ARM.attributes
                0x000003db       0x2c ./Drivers/STM32F0xx_HAL_Driver/Src/stm32f0xx_hal_tim.o
 .ARM.attributes
                0x00000407       0x2c ./Drivers/STM32F0xx_HAL_Driver/Src/stm32f0xx_hal_tim_ex.o
 .ARM.attributes
                0x00000433       0x2c ./Drivers/STM32F0xx_HAL_Driver/Src/stm32f0xx_hal_uart.o
 .ARM.attributes
                0x0000045f       0x2c ./Drivers/STM32F0xx_HAL_Driver/Src/stm32f0xx_hal_uart_ex.o
 .ARM.attributes
                0x0000048b       0x2c D:/Program Files/STMicroelectronics/STM32CubeIDE/STM32CubeIDE_1.15.1/STM32CubeIDE/plugins/com.st.stm32cube.ide.mcu.externaltools.gnu-tools-for-stm32.12.3.rel1.win32_1.0.100.202403111256/tools/bin/../lib/gcc/arm-none-eabi/12.3.1/../../../../arm-none-eabi/lib/thumb/v6-m/nofp\libc_nano.a(libc_a-findfp.o)
 .ARM.attributes
                0x000004b7       0x2c D:/Program Files/STMicroelectronics/STM32CubeIDE/STM32CubeIDE_1.15.1/STM32CubeIDE/plugins/com.st.stm32cube.ide.mcu.externaltools.gnu-tools-for-stm32.12.3.rel1.win32_1.0.100.202403111256/tools/bin/../lib/gcc/arm-none-eabi/12.3.1/../../../../arm-none-eabi/lib/thumb/v6-m/nofp\libc_nano.a(libc_a-fwalk.o)
 .ARM.attributes
                0x000004e3       0x2c D:/Program Files/STMicroelectronics/STM32CubeIDE/STM32CubeIDE_1.15.1/STM32CubeIDE/plugins/com.st.stm32cube.ide.mcu.externaltools.gnu-tools-for-stm32.12.3.rel1.win32_1.0.100.202403111256/tools/bin/../lib/gcc/arm-none-eabi/12.3.1/../../../../arm-none-eabi/lib/thumb/v6-m/nofp\libc_nano.a(libc_a-printf.o)
 .ARM.attributes
                0x0000050f       0x2c D:/Program Files/STMicroelectronics/STM32CubeIDE/STM32CubeIDE_1.15.1/STM32CubeIDE/plugins/com.st.stm32cube.ide.mcu.externaltools.gnu-tools-for-stm32.12.3.rel1.win32_1.0.100.202403111256/tools/bin/../lib/gcc/arm-none-eabi/12.3.1/../../../../arm-none-eabi/lib/thumb/v6-m/nofp\libc_nano.a(libc_a-puts.o)
 .ARM.attributes
                0x0000053b       0x2c D:/Program Files/STMicroelectronics/STM32CubeIDE/STM32CubeIDE_1.15.1/STM32CubeIDE/plugins/com.st.stm32cube.ide.mcu.externaltools.gnu-tools-for-stm32.12.3.rel1.win32_1.0.100.202403111256/tools/bin/../lib/gcc/arm-none-eabi/12.3.1/../../../../arm-none-eabi/lib/thumb/v6-m/nofp\libc_nano.a(libc_a-stdio.o)
 .ARM.attributes
                0x00000567       0x2c D:/Program Files/STMicroelectronics/STM32CubeIDE/STM32CubeIDE_1.15.1/STM32CubeIDE/plugins/com.st.stm32cube.ide.mcu.externaltools.gnu-tools-for-stm32.12.3.rel1.win32_1.0.100.202403111256/tools/bin/../lib/gcc/arm-none-eabi/12.3.1/../../../../arm-none-eabi/lib/thumb/v6-m/nofp\libc_nano.a(libc_a-wbuf.o)
 .ARM.attributes
                0x00000593       0x2c D:/Program Files/STMicroelectronics/STM32CubeIDE/STM32CubeIDE_1.15.1/STM32CubeIDE/plugins/com.st.stm32cube.ide.mcu.externaltools.gnu-tools-for-stm32.12.3.rel1.win32_1.0.100.202403111256/tools/bin/../lib/gcc/arm-none-eabi/12.3.1/../../../../arm-none-eabi/lib/thumb/v6-m/nofp\libc_nano.a(libc_a-wsetup.o)
 .ARM.attributes
                0x000005bf       0x2c D:/Program Files/STMicroelectronics/STM32CubeIDE/STM32CubeIDE_1.15.1/STM32CubeIDE/plugins/com.st.stm32cube.ide.mcu.externaltools.gnu-tools-for-stm32.12.3.rel1.win32_1.0.100.202403111256/tools/bin/../lib/gcc/arm-none-eabi/12.3.1/../../../../arm-none-eabi/lib/thumb/v6-m/nofp\libc_nano.a(libc_a-memset.o)
 .ARM.attributes
                0x000005eb       0x2c D:/Program Files/STMicroelectronics/STM32CubeIDE/STM32CubeIDE_1.15.1/STM32CubeIDE/plugins/com.st.stm32cube.ide.mcu.externaltools.gnu-tools-for-stm32.12.3.rel1.win32_1.0.100.202403111256/tools/bin/../lib/gcc/arm-none-eabi/12.3.1/../../../../arm-none-eabi/lib/thumb/v6-m/nofp\libc_nano.a(libc_a-closer.o)
 .ARM.attributes
                0x00000617       0x2c D:/Program Files/STMicroelectronics/STM32CubeIDE/STM32CubeIDE_1.15.1/STM32CubeIDE/plugins/com.st.stm32cube.ide.mcu.externaltools.gnu-tools-for-stm32.12.3.rel1.win32_1.0.100.202403111256/tools/bin/../lib/gcc/arm-none-eabi/12.3.1/../../../../arm-none-eabi/lib/thumb/v6-m/nofp\libc_nano.a(libc_a-reent.o)
 .ARM.attributes
                0x00000643       0x2c D:/Program Files/STMicroelectronics/STM32CubeIDE/STM32CubeIDE_1.15.1/STM32CubeIDE/plugins/com.st.stm32cube.ide.mcu.externaltools.gnu-tools-for-stm32.12.3.rel1.win32_1.0.100.202403111256/tools/bin/../lib/gcc/arm-none-eabi/12.3.1/../../../../arm-none-eabi/lib/thumb/v6-m/nofp\libc_nano.a(libc_a-impure.o)
 .ARM.attributes
                0x0000066f       0x2c D:/Program Files/STMicroelectronics/STM32CubeIDE/STM32CubeIDE_1.15.1/STM32CubeIDE/plugins/com.st.stm32cube.ide.mcu.externaltools.gnu-tools-for-stm32.12.3.rel1.win32_1.0.100.202403111256/tools/bin/../lib/gcc/arm-none-eabi/12.3.1/../../../../arm-none-eabi/lib/thumb/v6-m/nofp\libc_nano.a(libc_a-lseekr.o)
 .ARM.attributes
                0x0000069b       0x2c D:/Program Files/STMicroelectronics/STM32CubeIDE/STM32CubeIDE_1.15.1/STM32CubeIDE/plugins/com.st.stm32cube.ide.mcu.externaltools.gnu-tools-for-stm32.12.3.rel1.win32_1.0.100.202403111256/tools/bin/../lib/gcc/arm-none-eabi/12.3.1/../../../../arm-none-eabi/lib/thumb/v6-m/nofp\libc_nano.a(libc_a-readr.o)
 .ARM.attributes
                0x000006c7       0x2c D:/Program Files/STMicroelectronics/STM32CubeIDE/STM32CubeIDE_1.15.1/STM32CubeIDE/plugins/com.st.stm32cube.ide.mcu.externaltools.gnu-tools-for-stm32.12.3.rel1.win32_1.0.100.202403111256/tools/bin/../lib/gcc/arm-none-eabi/12.3.1/../../../../arm-none-eabi/lib/thumb/v6-m/nofp\libc_nano.a(libc_a-writer.o)
 .ARM.attributes
                0x000006f3       0x2c D:/Program Files/STMicroelectronics/STM32CubeIDE/STM32CubeIDE_1.15.1/STM32CubeIDE/plugins/com.st.stm32cube.ide.mcu.externaltools.gnu-tools-for-stm32.12.3.rel1.win32_1.0.100.202403111256/tools/bin/../lib/gcc/arm-none-eabi/12.3.1/../../../../arm-none-eabi/lib/thumb/v6-m/nofp\libc_nano.a(libc_a-errno.o)
 .ARM.attributes
                0x0000071f       0x2c D:/Program Files/STMicroelectronics/STM32CubeIDE/STM32CubeIDE_1.15.1/STM32CubeIDE/plugins/com.st.stm32cube.ide.mcu.externaltools.gnu-tools-for-stm32.12.3.rel1.win32_1.0.100.202403111256/tools/bin/../lib/gcc/arm-none-eabi/12.3.1/../../../../arm-none-eabi/lib/thumb/v6-m/nofp\libc_nano.a(libc_a-init.o)
 .ARM.attributes
                0x0000074b       0x2c D:/Program Files/STMicroelectronics/STM32CubeIDE/STM32CubeIDE_1.15.1/STM32CubeIDE/plugins/com.st.stm32cube.ide.mcu.externaltools.gnu-tools-for-stm32.12.3.rel1.win32_1.0.100.202403111256/tools/bin/../lib/gcc/arm-none-eabi/12.3.1/../../../../arm-none-eabi/lib/thumb/v6-m/nofp\libc_nano.a(libc_a-lock.o)
 .ARM.attributes
                0x00000777       0x2c D:/Program Files/STMicroelectronics/STM32CubeIDE/STM32CubeIDE_1.15.1/STM32CubeIDE/plugins/com.st.stm32cube.ide.mcu.externaltools.gnu-tools-for-stm32.12.3.rel1.win32_1.0.100.202403111256/tools/bin/../lib/gcc/arm-none-eabi/12.3.1/../../../../arm-none-eabi/lib/thumb/v6-m/nofp\libc_nano.a(libc_a-freer.o)
 .ARM.attributes
                0x000007a3       0x2c D:/Program Files/STMicroelectronics/STM32CubeIDE/STM32CubeIDE_1.15.1/STM32CubeIDE/plugins/com.st.stm32cube.ide.mcu.externaltools.gnu-tools-for-stm32.12.3.rel1.win32_1.0.100.202403111256/tools/bin/../lib/gcc/arm-none-eabi/12.3.1/../../../../arm-none-eabi/lib/thumb/v6-m/nofp\libc_nano.a(libc_a-mallocr.o)
 .ARM.attributes
                0x000007cf       0x2c D:/Program Files/STMicroelectronics/STM32CubeIDE/STM32CubeIDE_1.15.1/STM32CubeIDE/plugins/com.st.stm32cube.ide.mcu.externaltools.gnu-tools-for-stm32.12.3.rel1.win32_1.0.100.202403111256/tools/bin/../lib/gcc/arm-none-eabi/12.3.1/../../../../arm-none-eabi/lib/thumb/v6-m/nofp\libc_nano.a(libc_a-mlock.o)
 .ARM.attributes
                0x000007fb       0x2c D:/Program Files/STMicroelectronics/STM32CubeIDE/STM32CubeIDE_1.15.1/STM32CubeIDE/plugins/com.st.stm32cube.ide.mcu.externaltools.gnu-tools-for-stm32.12.3.rel1.win32_1.0.100.202403111256/tools/bin/../lib/gcc/arm-none-eabi/12.3.1/../../../../arm-none-eabi/lib/thumb/v6-m/nofp\libc_nano.a(libc_a-nano-vfprintf.o)
 .ARM.attributes
                0x00000827       0x2c D:/Program Files/STMicroelectronics/STM32CubeIDE/STM32CubeIDE_1.15.1/STM32CubeIDE/plugins/com.st.stm32cube.ide.mcu.externaltools.gnu-tools-for-stm32.12.3.rel1.win32_1.0.100.202403111256/tools/bin/../lib/gcc/arm-none-eabi/12.3.1/../../../../arm-none-eabi/lib/thumb/v6-m/nofp\libc_nano.a(libc_a-nano-vfprintf_i.o)
 .ARM.attributes
                0x00000853       0x2c D:/Program Files/STMicroelectronics/STM32CubeIDE/STM32CubeIDE_1.15.1/STM32CubeIDE/plugins/com.st.stm32cube.ide.mcu.externaltools.gnu-tools-for-stm32.12.3.rel1.win32_1.0.100.202403111256/tools/bin/../lib/gcc/arm-none-eabi/12.3.1/../../../../arm-none-eabi/lib/thumb/v6-m/nofp\libc_nano.a(libc_a-fflush.o)
 .ARM.attributes
                0x0000087f       0x2c D:/Program Files/STMicroelectronics/STM32CubeIDE/STM32CubeIDE_1.15.1/STM32CubeIDE/plugins/com.st.stm32cube.ide.mcu.externaltools.gnu-tools-for-stm32.12.3.rel1.win32_1.0.100.202403111256/tools/bin/../lib/gcc/arm-none-eabi/12.3.1/../../../../arm-none-eabi/lib/thumb/v6-m/nofp\libc_nano.a(libc_a-makebuf.o)
 .ARM.attributes
                0x000008ab       0x2c D:/Program Files/STMicroelectronics/STM32CubeIDE/STM32CubeIDE_1.15.1/STM32CubeIDE/plugins/com.st.stm32cube.ide.mcu.externaltools.gnu-tools-for-stm32.12.3.rel1.win32_1.0.100.202403111256/tools/bin/../lib/gcc/arm-none-eabi/12.3.1/../../../../arm-none-eabi/lib/thumb/v6-m/nofp\libc_nano.a(libc_a-fstatr.o)
 .ARM.attributes
                0x000008d7       0x2c D:/Program Files/STMicroelectronics/STM32CubeIDE/STM32CubeIDE_1.15.1/STM32CubeIDE/plugins/com.st.stm32cube.ide.mcu.externaltools.gnu-tools-for-stm32.12.3.rel1.win32_1.0.100.202403111256/tools/bin/../lib/gcc/arm-none-eabi/12.3.1/../../../../arm-none-eabi/lib/thumb/v6-m/nofp\libc_nano.a(libc_a-isattyr.o)
 .ARM.attributes
                0x00000903       0x2c D:/Program Files/STMicroelectronics/STM32CubeIDE/STM32CubeIDE_1.15.1/STM32CubeIDE/plugins/com.st.stm32cube.ide.mcu.externaltools.gnu-tools-for-stm32.12.3.rel1.win32_1.0.100.202403111256/tools/bin/../lib/gcc/arm-none-eabi/12.3.1/../../../../arm-none-eabi/lib/thumb/v6-m/nofp\libc_nano.a(libc_a-sbrkr.o)
 .ARM.attributes
                0x0000092f       0x2c D:/Program Files/STMicroelectronics/STM32CubeIDE/STM32CubeIDE_1.15.1/STM32CubeIDE/plugins/com.st.stm32cube.ide.mcu.externaltools.gnu-tools-for-stm32.12.3.rel1.win32_1.0.100.202403111256/tools/bin/../lib/gcc/arm-none-eabi/12.3.1/../../../../arm-none-eabi/lib/thumb/v6-m/nofp\libc_nano.a(libc_a-memchr-stub.o)
 .ARM.attributes
                0x0000095b       0x1e D:/Program Files/STMicroelectronics/STM32CubeIDE/STM32CubeIDE_1.15.1/STM32CubeIDE/plugins/com.st.stm32cube.ide.mcu.externaltools.gnu-tools-for-stm32.12.3.rel1.win32_1.0.100.202403111256/tools/bin/../lib/gcc/arm-none-eabi/12.3.1/thumb/v6-m/nofp\libgcc.a(_thumb1_case_shi.o)
 .ARM.attributes
                0x00000979       0x1e D:/Program Files/STMicroelectronics/STM32CubeIDE/STM32CubeIDE_1.15.1/STM32CubeIDE/plugins/com.st.stm32cube.ide.mcu.externaltools.gnu-tools-for-stm32.12.3.rel1.win32_1.0.100.202403111256/tools/bin/../lib/gcc/arm-none-eabi/12.3.1/thumb/v6-m/nofp\libgcc.a(_udivsi3.o)
 .ARM.attributes
                0x00000997       0x1e D:/Program Files/STMicroelectronics/STM32CubeIDE/STM32CubeIDE_1.15.1/STM32CubeIDE/plugins/com.st.stm32cube.ide.mcu.externaltools.gnu-tools-for-stm32.12.3.rel1.win32_1.0.100.202403111256/tools/bin/../lib/gcc/arm-none-eabi/12.3.1/thumb/v6-m/nofp\libgcc.a(_dvmd_tls.o)
 .ARM.attributes
                0x000009b5       0x1e D:/Program Files/STMicroelectronics/STM32CubeIDE/STM32CubeIDE_1.15.1/STM32CubeIDE/plugins/com.st.stm32cube.ide.mcu.externaltools.gnu-tools-for-stm32.12.3.rel1.win32_1.0.100.202403111256/tools/bin/../lib/gcc/arm-none-eabi/12.3.1/thumb/v6-m/nofp/crtn.o
OUTPUT(IIC.elf elf32-littlearm)
LOAD linker stubs
LOAD D:/Program Files/STMicroelectronics/STM32CubeIDE/STM32CubeIDE_1.15.1/STM32CubeIDE/plugins/com.st.stm32cube.ide.mcu.externaltools.gnu-tools-for-stm32.12.3.rel1.win32_1.0.100.202403111256/tools/bin/../lib/gcc/arm-none-eabi/12.3.1/../../../../arm-none-eabi/lib/thumb/v6-m/nofp\libc.a
LOAD D:/Program Files/STMicroelectronics/STM32CubeIDE/STM32CubeIDE_1.15.1/STM32CubeIDE/plugins/com.st.stm32cube.ide.mcu.externaltools.gnu-tools-for-stm32.12.3.rel1.win32_1.0.100.202403111256/tools/bin/../lib/gcc/arm-none-eabi/12.3.1/../../../../arm-none-eabi/lib/thumb/v6-m/nofp\libm.a
LOAD D:/Program Files/STMicroelectronics/STM32CubeIDE/STM32CubeIDE_1.15.1/STM32CubeIDE/plugins/com.st.stm32cube.ide.mcu.externaltools.gnu-tools-for-stm32.12.3.rel1.win32_1.0.100.202403111256/tools/bin/../lib/gcc/arm-none-eabi/12.3.1/thumb/v6-m/nofp\libgcc.a

.debug_info     0x00000000    0x1299b
 .debug_info    0x00000000      0x285 ./Core/Src/dma.o
 .debug_info    0x00000285      0x1b4 ./Core/Src/gpio.o
 .debug_info    0x00000439      0x9d8 ./Core/Src/i2c.o
 .debug_info    0x00000e11      0xf30 ./Core/Src/main.o
 .debug_info    0x00001d41      0x199 ./Core/Src/stm32f0xx_hal_msp.o
 .debug_info    0x00001eda      0x94d ./Core/Src/stm32f0xx_hal_timebase_tim.o
 .debug_info    0x00002827      0xe08 ./Core/Src/stm32f0xx_it.o
 .debug_info    0x0000362f      0x6a3 ./Core/Src/syscalls.o
 .debug_info    0x00003cd2      0x168 ./Core/Src/sysmem.o
 .debug_info    0x00003e3a      0x242 ./Core/Src/system_stm32f0xx.o
 .debug_info    0x0000407c      0xac4 ./Core/Src/usart.o
 .debug_info    0x00004b40       0x30 ./Core/Startup/startup_stm32f042k6tx.o
 .debug_info    0x00004b70      0x81f ./Drivers/BSP/SrC/24cxx.o
 .debug_info    0x0000538f      0x69d ./Drivers/STM32F0xx_HAL_Driver/Src/stm32f0xx_hal.o
 .debug_info    0x00005a2c      0x6a7 ./Drivers/STM32F0xx_HAL_Driver/Src/stm32f0xx_hal_cortex.o
 .debug_info    0x000060d3      0x6ea ./Drivers/STM32F0xx_HAL_Driver/Src/stm32f0xx_hal_dma.o
 .debug_info    0x000067bd      0x5a6 ./Drivers/STM32F0xx_HAL_Driver/Src/stm32f0xx_hal_gpio.o
 .debug_info    0x00006d63     0x20c5 ./Drivers/STM32F0xx_HAL_Driver/Src/stm32f0xx_hal_i2c.o
 .debug_info    0x00008e28      0x824 ./Drivers/STM32F0xx_HAL_Driver/Src/stm32f0xx_hal_i2c_ex.o
 .debug_info    0x0000964c      0x83f ./Drivers/STM32F0xx_HAL_Driver/Src/stm32f0xx_hal_rcc.o
 .debug_info    0x00009e8b      0x600 ./Drivers/STM32F0xx_HAL_Driver/Src/stm32f0xx_hal_rcc_ex.o
 .debug_info    0x0000a48b     0x2950 ./Drivers/STM32F0xx_HAL_Driver/Src/stm32f0xx_hal_tim.o
 .debug_info    0x0000cddb     0x1492 ./Drivers/STM32F0xx_HAL_Driver/Src/stm32f0xx_hal_tim_ex.o
 .debug_info    0x0000e26d     0x3aa2 ./Drivers/STM32F0xx_HAL_Driver/Src/stm32f0xx_hal_uart.o
 .debug_info    0x00011d0f      0xc8c ./Drivers/STM32F0xx_HAL_Driver/Src/stm32f0xx_hal_uart_ex.o

.debug_abbrev   0x00000000     0x2fb1
 .debug_abbrev  0x00000000       0xfc ./Core/Src/dma.o
 .debug_abbrev  0x000000fc       0xc6 ./Core/Src/gpio.o
 .debug_abbrev  0x000001c2      0x234 ./Core/Src/i2c.o
 .debug_abbrev  0x000003f6      0x337 ./Core/Src/main.o
 .debug_abbrev  0x0000072d       0xc6 ./Core/Src/stm32f0xx_hal_msp.o
 .debug_abbrev  0x000007f3      0x20b ./Core/Src/stm32f0xx_hal_timebase_tim.o
 .debug_abbrev  0x000009fe      0x20f ./Core/Src/stm32f0xx_it.o
 .debug_abbrev  0x00000c0d      0x1b6 ./Core/Src/syscalls.o
 .debug_abbrev  0x00000dc3       0xbc ./Core/Src/sysmem.o
 .debug_abbrev  0x00000e7f      0x11c ./Core/Src/system_stm32f0xx.o
 .debug_abbrev  0x00000f9b      0x272 ./Core/Src/usart.o
 .debug_abbrev  0x0000120d       0x24 ./Core/Startup/startup_stm32f042k6tx.o
 .debug_abbrev  0x00001231      0x1c3 ./Drivers/BSP/SrC/24cxx.o
 .debug_abbrev  0x000013f4      0x247 ./Drivers/STM32F0xx_HAL_Driver/Src/stm32f0xx_hal.o
 .debug_abbrev  0x0000163b      0x28c ./Drivers/STM32F0xx_HAL_Driver/Src/stm32f0xx_hal_cortex.o
 .debug_abbrev  0x000018c7      0x224 ./Drivers/STM32F0xx_HAL_Driver/Src/stm32f0xx_hal_dma.o
 .debug_abbrev  0x00001aeb      0x1cb ./Drivers/STM32F0xx_HAL_Driver/Src/stm32f0xx_hal_gpio.o
 .debug_abbrev  0x00001cb6      0x261 ./Drivers/STM32F0xx_HAL_Driver/Src/stm32f0xx_hal_i2c.o
 .debug_abbrev  0x00001f17      0x1c3 ./Drivers/STM32F0xx_HAL_Driver/Src/stm32f0xx_hal_i2c_ex.o
 .debug_abbrev  0x000020da      0x28c ./Drivers/STM32F0xx_HAL_Driver/Src/stm32f0xx_hal_rcc.o
 .debug_abbrev  0x00002366      0x1da ./Drivers/STM32F0xx_HAL_Driver/Src/stm32f0xx_hal_rcc_ex.o
 .debug_abbrev  0x00002540      0x278 ./Drivers/STM32F0xx_HAL_Driver/Src/stm32f0xx_hal_tim.o
 .debug_abbrev  0x000027b8      0x283 ./Drivers/STM32F0xx_HAL_Driver/Src/stm32f0xx_hal_tim_ex.o
 .debug_abbrev  0x00002a3b      0x2cd ./Drivers/STM32F0xx_HAL_Driver/Src/stm32f0xx_hal_uart.o
 .debug_abbrev  0x00002d08      0x2a9 ./Drivers/STM32F0xx_HAL_Driver/Src/stm32f0xx_hal_uart_ex.o

.debug_aranges  0x00000000     0x1138
 .debug_aranges
                0x00000000       0x20 ./Core/Src/dma.o
 .debug_aranges
                0x00000020       0x20 ./Core/Src/gpio.o
 .debug_aranges
                0x00000040       0x30 ./Core/Src/i2c.o
 .debug_aranges
                0x00000070       0x58 ./Core/Src/main.o
 .debug_aranges
                0x000000c8       0x20 ./Core/Src/stm32f0xx_hal_msp.o
 .debug_aranges
                0x000000e8       0x30 ./Core/Src/stm32f0xx_hal_timebase_tim.o
 .debug_aranges
                0x00000118       0x60 ./Core/Src/stm32f0xx_it.o
 .debug_aranges
                0x00000178       0xa8 ./Core/Src/syscalls.o
 .debug_aranges
                0x00000220       0x20 ./Core/Src/sysmem.o
 .debug_aranges
                0x00000240       0x28 ./Core/Src/system_stm32f0xx.o
 .debug_aranges
                0x00000268       0x40 ./Core/Src/usart.o
 .debug_aranges
                0x000002a8       0x28 ./Core/Startup/startup_stm32f042k6tx.o
 .debug_aranges
                0x000002d0       0x48 ./Drivers/BSP/SrC/24cxx.o
 .debug_aranges
                0x00000318       0xd0 ./Drivers/STM32F0xx_HAL_Driver/Src/stm32f0xx_hal.o
 .debug_aranges
                0x000003e8       0xc0 ./Drivers/STM32F0xx_HAL_Driver/Src/stm32f0xx_hal_cortex.o
 .debug_aranges
                0x000004a8       0x88 ./Drivers/STM32F0xx_HAL_Driver/Src/stm32f0xx_hal_dma.o
 .debug_aranges
                0x00000530       0x58 ./Drivers/STM32F0xx_HAL_Driver/Src/stm32f0xx_hal_gpio.o
 .debug_aranges
                0x00000588      0x2a0 ./Drivers/STM32F0xx_HAL_Driver/Src/stm32f0xx_hal_i2c.o
 .debug_aranges
                0x00000828       0x48 ./Drivers/STM32F0xx_HAL_Driver/Src/stm32f0xx_hal_i2c_ex.o
 .debug_aranges
                0x00000870       0x80 ./Drivers/STM32F0xx_HAL_Driver/Src/stm32f0xx_hal_rcc.o
 .debug_aranges
                0x000008f0       0x78 ./Drivers/STM32F0xx_HAL_Driver/Src/stm32f0xx_hal_rcc_ex.o
 .debug_aranges
                0x00000968      0x3d0 ./Drivers/STM32F0xx_HAL_Driver/Src/stm32f0xx_hal_tim.o
 .debug_aranges
                0x00000d38      0x168 ./Drivers/STM32F0xx_HAL_Driver/Src/stm32f0xx_hal_tim_ex.o
 .debug_aranges
                0x00000ea0      0x228 ./Drivers/STM32F0xx_HAL_Driver/Src/stm32f0xx_hal_uart.o
 .debug_aranges
                0x000010c8       0x70 ./Drivers/STM32F0xx_HAL_Driver/Src/stm32f0xx_hal_uart_ex.o

.debug_rnglists
                0x00000000      0xd73
 .debug_rnglists
                0x00000000       0x13 ./Core/Src/dma.o
 .debug_rnglists
                0x00000013       0x13 ./Core/Src/gpio.o
 .debug_rnglists
                0x00000026       0x21 ./Core/Src/i2c.o
 .debug_rnglists
                0x00000047       0x41 ./Core/Src/main.o
 .debug_rnglists
                0x00000088       0x13 ./Core/Src/stm32f0xx_hal_msp.o
 .debug_rnglists
                0x0000009b       0x20 ./Core/Src/stm32f0xx_hal_timebase_tim.o
 .debug_rnglists
                0x000000bb       0x44 ./Core/Src/stm32f0xx_it.o
 .debug_rnglists
                0x000000ff       0x79 ./Core/Src/syscalls.o
 .debug_rnglists
                0x00000178       0x13 ./Core/Src/sysmem.o
 .debug_rnglists
                0x0000018b       0x1a ./Core/Src/system_stm32f0xx.o
 .debug_rnglists
                0x000001a5       0x2c ./Core/Src/usart.o
 .debug_rnglists
                0x000001d1       0x1a ./Core/Startup/startup_stm32f042k6tx.o
 .debug_rnglists
                0x000001eb       0x32 ./Drivers/BSP/SrC/24cxx.o
 .debug_rnglists
                0x0000021d       0x97 ./Drivers/STM32F0xx_HAL_Driver/Src/stm32f0xx_hal.o
 .debug_rnglists
                0x000002b4       0x8c ./Drivers/STM32F0xx_HAL_Driver/Src/stm32f0xx_hal_cortex.o
 .debug_rnglists
                0x00000340       0x6a ./Drivers/STM32F0xx_HAL_Driver/Src/stm32f0xx_hal_dma.o
 .debug_rnglists
                0x000003aa       0x3f ./Drivers/STM32F0xx_HAL_Driver/Src/stm32f0xx_hal_gpio.o
 .debug_rnglists
                0x000003e9      0x229 ./Drivers/STM32F0xx_HAL_Driver/Src/stm32f0xx_hal_i2c.o
 .debug_rnglists
                0x00000612       0x35 ./Drivers/STM32F0xx_HAL_Driver/Src/stm32f0xx_hal_i2c_ex.o
 .debug_rnglists
                0x00000647       0x61 ./Drivers/STM32F0xx_HAL_Driver/Src/stm32f0xx_hal_rcc.o
 .debug_rnglists
                0x000006a8       0x5a ./Drivers/STM32F0xx_HAL_Driver/Src/stm32f0xx_hal_rcc_ex.o
 .debug_rnglists
                0x00000702      0x31c ./Drivers/STM32F0xx_HAL_Driver/Src/stm32f0xx_hal_tim.o
 .debug_rnglists
                0x00000a1e      0x126 ./Drivers/STM32F0xx_HAL_Driver/Src/stm32f0xx_hal_tim_ex.o
 .debug_rnglists
                0x00000b44      0x1db ./Drivers/STM32F0xx_HAL_Driver/Src/stm32f0xx_hal_uart.o
 .debug_rnglists
                0x00000d1f       0x54 ./Drivers/STM32F0xx_HAL_Driver/Src/stm32f0xx_hal_uart_ex.o

.debug_macro    0x00000000    0x1ae9e
 .debug_macro   0x00000000      0x1d6 ./Core/Src/dma.o
 .debug_macro   0x000001d6      0xa8a ./Core/Src/dma.o
 .debug_macro   0x00000c60      0x133 ./Core/Src/dma.o
 .debug_macro   0x00000d93       0x2e ./Core/Src/dma.o
 .debug_macro   0x00000dc1       0x22 ./Core/Src/dma.o
 .debug_macro   0x00000de3       0x22 ./Core/Src/dma.o
 .debug_macro   0x00000e05       0x8e ./Core/Src/dma.o
 .debug_macro   0x00000e93       0x51 ./Core/Src/dma.o
 .debug_macro   0x00000ee4      0x103 ./Core/Src/dma.o
 .debug_macro   0x00000fe7       0x6a ./Core/Src/dma.o
 .debug_macro   0x00001051      0x1df ./Core/Src/dma.o
 .debug_macro   0x00001230       0x1c ./Core/Src/dma.o
 .debug_macro   0x0000124c       0x22 ./Core/Src/dma.o
 .debug_macro   0x0000126e       0xaf ./Core/Src/dma.o
 .debug_macro   0x0000131d      0x391 ./Core/Src/dma.o
 .debug_macro   0x000016ae     0xf209 ./Core/Src/dma.o
 .debug_macro   0x000108b7       0x66 ./Core/Src/dma.o
 .debug_macro   0x0001091d     0x34da ./Core/Src/dma.o
 .debug_macro   0x00013df7      0x189 ./Core/Src/dma.o
 .debug_macro   0x00013f80       0x55 ./Core/Src/dma.o
 .debug_macro   0x00013fd5      0x946 ./Core/Src/dma.o
 .debug_macro   0x0001491b      0x46b ./Core/Src/dma.o
 .debug_macro   0x00014d86      0x1ae ./Core/Src/dma.o
 .debug_macro   0x00014f34      0x130 ./Core/Src/dma.o
 .debug_macro   0x00015064      0x199 ./Core/Src/dma.o
 .debug_macro   0x000151fd      0x1ed ./Core/Src/dma.o
 .debug_macro   0x000153ea       0x34 ./Core/Src/dma.o
 .debug_macro   0x0001541e       0x43 ./Core/Src/dma.o
 .debug_macro   0x00015461       0x28 ./Core/Src/dma.o
 .debug_macro   0x00015489       0xb0 ./Core/Src/dma.o
 .debug_macro   0x00015539      0x182 ./Core/Src/dma.o
 .debug_macro   0x000156bb      0x22c ./Core/Src/dma.o
 .debug_macro   0x000158e7       0x61 ./Core/Src/dma.o
 .debug_macro   0x00015948       0xa5 ./Core/Src/dma.o
 .debug_macro   0x000159ed       0x4c ./Core/Src/dma.o
 .debug_macro   0x00015a39      0x15b ./Core/Src/dma.o
 .debug_macro   0x00015b94      0x8f4 ./Core/Src/dma.o
 .debug_macro   0x00016488       0x28 ./Core/Src/dma.o
 .debug_macro   0x000164b0      0x5ba ./Core/Src/dma.o
 .debug_macro   0x00016a6a       0x44 ./Core/Src/dma.o
 .debug_macro   0x00016aae      0x12e ./Core/Src/dma.o
 .debug_macro   0x00016bdc      0x1d6 ./Core/Src/gpio.o
 .debug_macro   0x00016db2      0x1d6 ./Core/Src/i2c.o
 .debug_macro   0x00016f88      0x32d ./Core/Src/main.o
 .debug_macro   0x000172b5       0x61 ./Core/Src/main.o
 .debug_macro   0x00017316       0x24 ./Core/Src/main.o
 .debug_macro   0x0001733a       0x43 ./Core/Src/main.o
 .debug_macro   0x0001737d       0x34 ./Core/Src/main.o
 .debug_macro   0x000173b1       0x16 ./Core/Src/main.o
 .debug_macro   0x000173c7       0x43 ./Core/Src/main.o
 .debug_macro   0x0001740a       0x34 ./Core/Src/main.o
 .debug_macro   0x0001743e       0x10 ./Core/Src/main.o
 .debug_macro   0x0001744e       0x58 ./Core/Src/main.o
 .debug_macro   0x000174a6       0x8e ./Core/Src/main.o
 .debug_macro   0x00017534       0x1c ./Core/Src/main.o
 .debug_macro   0x00017550      0x177 ./Core/Src/main.o
 .debug_macro   0x000176c7      0x369 ./Core/Src/main.o
 .debug_macro   0x00017a30       0x10 ./Core/Src/main.o
 .debug_macro   0x00017a40       0x35 ./Core/Src/main.o
 .debug_macro   0x00017a75       0x20 ./Core/Src/main.o
 .debug_macro   0x00017a95       0x1c ./Core/Src/main.o
 .debug_macro   0x00017ab1       0x10 ./Core/Src/main.o
 .debug_macro   0x00017ac1       0x1c ./Core/Src/main.o
 .debug_macro   0x00017add       0x16 ./Core/Src/main.o
 .debug_macro   0x00017af3      0x146 ./Core/Src/main.o
 .debug_macro   0x00017c39       0x28 ./Core/Src/main.o
 .debug_macro   0x00017c61      0x1cc ./Core/Src/stm32f0xx_hal_msp.o
 .debug_macro   0x00017e2d      0x1c2 ./Core/Src/stm32f0xx_hal_timebase_tim.o
 .debug_macro   0x00017fef      0x2ae ./Core/Src/stm32f0xx_it.o
 .debug_macro   0x0001829d       0x16 ./Core/Src/stm32f0xx_it.o
 .debug_macro   0x000182b3       0x16 ./Core/Src/stm32f0xx_it.o
 .debug_macro   0x000182c9      0x274 ./Core/Src/syscalls.o
 .debug_macro   0x0001853d       0x5b ./Core/Src/syscalls.o
 .debug_macro   0x00018598       0x94 ./Core/Src/syscalls.o
 .debug_macro   0x0001862c       0x57 ./Core/Src/syscalls.o
 .debug_macro   0x00018683       0x10 ./Core/Src/syscalls.o
 .debug_macro   0x00018693       0x10 ./Core/Src/syscalls.o
 .debug_macro   0x000186a3       0x10 ./Core/Src/syscalls.o
 .debug_macro   0x000186b3       0x10 ./Core/Src/syscalls.o
 .debug_macro   0x000186c3       0x1c ./Core/Src/syscalls.o
 .debug_macro   0x000186df       0x52 ./Core/Src/syscalls.o
 .debug_macro   0x00018731       0x22 ./Core/Src/syscalls.o
 .debug_macro   0x00018753       0x10 ./Core/Src/syscalls.o
 .debug_macro   0x00018763       0x52 ./Core/Src/syscalls.o
 .debug_macro   0x000187b5       0xcf ./Core/Src/syscalls.o
 .debug_macro   0x00018884       0x1c ./Core/Src/syscalls.o
 .debug_macro   0x000188a0       0x3d ./Core/Src/syscalls.o
 .debug_macro   0x000188dd       0x35 ./Core/Src/syscalls.o
 .debug_macro   0x00018912      0x12c ./Core/Src/syscalls.o
 .debug_macro   0x00018a3e       0x16 ./Core/Src/syscalls.o
 .debug_macro   0x00018a54       0x16 ./Core/Src/syscalls.o
 .debug_macro   0x00018a6a       0x29 ./Core/Src/syscalls.o
 .debug_macro   0x00018a93       0x10 ./Core/Src/syscalls.o
 .debug_macro   0x00018aa3      0x242 ./Core/Src/syscalls.o
 .debug_macro   0x00018ce5       0x10 ./Core/Src/syscalls.o
 .debug_macro   0x00018cf5      0x18a ./Core/Src/syscalls.o
 .debug_macro   0x00018e7f       0x16 ./Core/Src/syscalls.o
 .debug_macro   0x00018e95       0xce ./Core/Src/syscalls.o
 .debug_macro   0x00018f63       0xff ./Core/Src/sysmem.o
 .debug_macro   0x00019062      0x23c ./Core/Src/sysmem.o
 .debug_macro   0x0001929e      0x1c2 ./Core/Src/system_stm32f0xx.o
 .debug_macro   0x00019460      0x1d6 ./Core/Src/usart.o
 .debug_macro   0x00019636      0x1f5 ./Drivers/BSP/SrC/24cxx.o
 .debug_macro   0x0001982b       0x22 ./Drivers/BSP/SrC/24cxx.o
 .debug_macro   0x0001984d      0x1e6 ./Drivers/STM32F0xx_HAL_Driver/Src/stm32f0xx_hal.o
 .debug_macro   0x00019a33      0x1c2 ./Drivers/STM32F0xx_HAL_Driver/Src/stm32f0xx_hal_cortex.o
 .debug_macro   0x00019bf5      0x1c2 ./Drivers/STM32F0xx_HAL_Driver/Src/stm32f0xx_hal_dma.o
 .debug_macro   0x00019db7      0x1c9 ./Drivers/STM32F0xx_HAL_Driver/Src/stm32f0xx_hal_gpio.o
 .debug_macro   0x00019f80      0x28e ./Drivers/STM32F0xx_HAL_Driver/Src/stm32f0xx_hal_i2c.o
 .debug_macro   0x0001a20e      0x1c2 ./Drivers/STM32F0xx_HAL_Driver/Src/stm32f0xx_hal_i2c_ex.o
 .debug_macro   0x0001a3d0      0x1d4 ./Drivers/STM32F0xx_HAL_Driver/Src/stm32f0xx_hal_rcc.o
 .debug_macro   0x0001a5a4      0x1d4 ./Drivers/STM32F0xx_HAL_Driver/Src/stm32f0xx_hal_rcc_ex.o
 .debug_macro   0x0001a778      0x1c3 ./Drivers/STM32F0xx_HAL_Driver/Src/stm32f0xx_hal_tim.o
 .debug_macro   0x0001a93b      0x1c2 ./Drivers/STM32F0xx_HAL_Driver/Src/stm32f0xx_hal_tim_ex.o
 .debug_macro   0x0001aafd      0x1df ./Drivers/STM32F0xx_HAL_Driver/Src/stm32f0xx_hal_uart.o
 .debug_macro   0x0001acdc      0x1c2 ./Drivers/STM32F0xx_HAL_Driver/Src/stm32f0xx_hal_uart_ex.o

.debug_line     0x00000000    0x17a55
 .debug_line    0x00000000      0x782 ./Core/Src/dma.o