../Core/Src/stm32f0xx_it.c:75:6:NMI_Handler	8	static
../Core/Src/stm32f0xx_it.c:90:6:HardFault_Handler	8	static
../Core/Src/stm32f0xx_it.c:105:6:SVC_Handler	8	static
../Core/Src/stm32f0xx_it.c:118:6:PendSV_Handler	8	static
../Core/Src/stm32f0xx_it.c:131:6:SysTick_Handler	8	static
../Core/Src/stm32f0xx_it.c:152:6:DMA1_Channel2_3_IRQHandler	8	static
../Core/Src/stm32f0xx_it.c:167:6:TIM1_BRK_UP_TRG_COM_IRQHandler	8	static
../Core/Src/stm32f0xx_it.c:181:6:I2C1_IRQHandler	8	static
../Core/Src/stm32f0xx_it.c:199:6:USART1_IRQHandler	16	static
